# Bake Begins!
### (1 of 6) Copy sources
$ cp -a /home/travis/build/fontdirectory/montserratalternates/METADATA.json /home/travis/build/fontdirectory/montserratalternates/builds/build
$ cp -a /home/travis/build/fontdirectory/montserratalternates/DESCRIPTION.en_us.html /home/travis/build/fontdirectory/montserratalternates/builds/build
$ cp -a MontserratAlternates-Regular.ttf.ttx MontserratAlternates-Bold.ttf.ttx src/MontserratAlternates-Regular.otf.ttx src/MontserratAlternates-Bold.otf.ttx src/MontserratAlternates-Regular-backup-fonttools-prep-gasp-TTF.sfd src/MontserratAlternates-Regular-after-fonttools-prep-gasp-TTF.sfd src/MontserratAlternates-Regular-TTF.sfd src/MontserratAlternates-Bold-backup-fonttools-prep-gasp-TTF.sfd src/MontserratAlternates-Bold-after-fonttools-prep-gasp-TTF.sfd src/MontserratAlternates-Bold-TTF.sfd MontserratAlternates-Regular.ttf._p_r_e_p.ttx MontserratAlternates-Regular.ttf._p_o_s_t.ttx MontserratAlternates-Regular.ttf._n_a_m_e.ttx MontserratAlternates-Regular.ttf._m_a_x_p.ttx MontserratAlternates-Regular.ttf._l_o_c_a.ttx MontserratAlternates-Regular.ttf._h_m_t_x.ttx MontserratAlternates-Regular.ttf._h_h_e_a.ttx MontserratAlternates-Regular.ttf._h_e_a_d.ttx MontserratAlternates-Regular.ttf._g_l_y_f.ttx MontserratAlternates-Regular.ttf._g_a_s_p.ttx MontserratAlternates-Regular.ttf._c_m_a_p.ttx MontserratAlternates-Regular.ttf.O_S_2f_2.ttx MontserratAlternates-Regular.ttf.GlyphOrder.ttx MontserratAlternates-Regular.ttf.G_S_U_B_.ttx MontserratAlternates-Regular.ttf.G_P_O_S_.ttx MontserratAlternates-Regular.ttf.G_D_E_F_.ttx MontserratAlternates-Regular.ttf.F_F_T_M_.ttx MontserratAlternates-Regular.ttf.D_S_I_G_.ttx MontserratAlternates-Bold.ttf._p_r_e_p.ttx MontserratAlternates-Bold.ttf._p_o_s_t.ttx MontserratAlternates-Bold.ttf._n_a_m_e.ttx MontserratAlternates-Bold.ttf._m_a_x_p.ttx MontserratAlternates-Bold.ttf._l_o_c_a.ttx MontserratAlternates-Bold.ttf._h_m_t_x.ttx MontserratAlternates-Bold.ttf._h_h_e_a.ttx MontserratAlternates-Bold.ttf._h_e_a_d.ttx MontserratAlternates-Bold.ttf._g_l_y_f.ttx MontserratAlternates-Bold.ttf._g_a_s_p.ttx MontserratAlternates-Bold.ttf._c_m_a_p.ttx MontserratAlternates-Bold.ttf.O_S_2f_2.ttx MontserratAlternates-Bold.ttf.GlyphOrder.ttx MontserratAlternates-Bold.ttf.G_S_U_B_.ttx MontserratAlternates-Bold.ttf.G_P_O_S_.ttx MontserratAlternates-Bold.ttf.G_D_E_F_.ttx MontserratAlternates-Bold.ttf.F_F_T_M_.ttx MontserratAlternates-Bold.ttf.D_S_I_G_.ttx src/MontserratAlternates-Regular.otf._p_o_s_t.ttx src/MontserratAlternates-Regular.otf._n_a_m_e.ttx src/MontserratAlternates-Regular.otf._m_a_x_p.ttx src/MontserratAlternates-Regular.otf._k_e_r_n.ttx src/MontserratAlternates-Regular.otf._h_m_t_x.ttx src/MontserratAlternates-Regular.otf._h_h_e_a.ttx src/MontserratAlternates-Regular.otf._h_e_a_d.ttx src/MontserratAlternates-Regular.otf._c_m_a_p.ttx src/MontserratAlternates-Regular.otf.O_S_2f_2.ttx src/MontserratAlternates-Regular.otf.GlyphOrder.ttx src/MontserratAlternates-Regular.otf.G_P_O_S_.ttx src/MontserratAlternates-Regular.otf.C_F_F_.ttx src/MontserratAlternates-Bold.otf._p_o_s_t.ttx src/MontserratAlternates-Bold.otf._n_a_m_e.ttx src/MontserratAlternates-Bold.otf._m_a_x_p.ttx src/MontserratAlternates-Bold.otf._k_e_r_n.ttx src/MontserratAlternates-Bold.otf._h_m_t_x.ttx src/MontserratAlternates-Bold.otf._h_h_e_a.ttx src/MontserratAlternates-Bold.otf._h_e_a_d.ttx src/MontserratAlternates-Bold.otf._c_m_a_p.ttx src/MontserratAlternates-Bold.otf.O_S_2f_2.ttx src/MontserratAlternates-Bold.otf.GlyphOrder.ttx src/MontserratAlternates-Bold.otf.G_P_O_S_.ttx src/MontserratAlternates-Bold.otf.C_F_F_.ttx /home/travis/build/fontdirectory/montserratalternates/builds/build/sources
### (2 of 6) pyfontaine
### (3 of 6) Run upstream tests
$ fontbakery-check.py upstream-repo sources
$ fontaine --collections subsets --text /home/travis/build/fontdirectory/montserratalternates/builds/build/sources/MontserratAlternates-Bold.otf.ttx /home/travis/build/fontdirectory/montserratalternates/builds/build/sources/MontserratAlternates-Regular.otf.ttx /home/travis/build/fontdirectory/montserratalternates/builds/build/sources/MontserratAlternates-Bold.ttf.ttx /home/travis/build/fontdirectory/montserratalternates/builds/build/sources/MontserratAlternates-Regular.ttf.ttx /home/travis/build/fontdirectory/montserratalternates/builds/build/sources/MontserratAlternates-Bold-TTF.sfd /home/travis/build/fontdirectory/montserratalternates/builds/build/sources/MontserratAlternates-Bold-after-fonttools-prep-gasp-TTF.sfd /home/travis/build/fontdirectory/montserratalternates/builds/build/sources/MontserratAlternates-Bold-backup-fonttools-prep-gasp-TTF.sfd /home/travis/build/fontdirectory/montserratalternates/builds/build/sources/MontserratAlternates-Regular-TTF.sfd /home/travis/build/fontdirectory/montserratalternates/builds/build/sources/MontserratAlternates-Regular-after-fonttools-prep-gasp-TTF.sfd /home/travis/build/fontdirectory/montserratalternates/builds/build/sources/MontserratAlternates-Regular-backup-fonttools-prep-gasp-TTF.sfd > fontaine.txt
WARNING: Please install [PyICU](https://pypi.python.org/pypi/PyICU) toenable [feature], perhaps with: pip install pyicu
bakery_lint.tests.upstream.test_prepolation.FontTestPrepolation.test_font_prepolation_glyph_contours(): OK
pyfontaine error: Not a TrueType or OpenType font (bad sfntVersion)
pyfontaine process has been failed
bakery_lint.tests.upstream.test_prepolation.FontTestPrepolation.test_font_prepolation_glyph_points(): OK
bakery_lint.tests.upstream.test_prepolation.FontTestPrepolation.test_font_test_prepolation_glyph_names(): OK
bakery_lint.tests.upstream.test_diacritic.TestDiacritic.test_diacritic_made_as_component(): OK
bakery_lint.tests.upstream.test_diacritic.TestDiacritic.test_diacritic_made_as_mark_to_mark(): OK
bakery_lint.tests.upstream.test_diacritic.TestDiacritic.test_diacritic_made_as_own_glyphs(): OK
bakery_lint.tests.upstream.test_check_upstream_sources.ProjectUpstreamTestCase.test_bakery_yaml_exists(): OK
bakery_lint.tests.upstream.test_check_upstream_sources.ProjectUpstreamTestCase.test_copyright_notices_same_across_family(): OK
bakery_lint.tests.upstream.test_check_upstream_sources.ProjectUpstreamTestCase.test_description_html_exists(): OK
bakery_lint.tests.upstream.test_check_upstream_sources.ProjectUpstreamTestCase.test_fontlog_txt_exists(): FAIL
bakery_lint.tests.upstream.test_check_upstream_sources.ProjectUpstreamTestCase.test_metadata_json_exists(): OK
$ fontbakery-check.py upstream-ttx MontserratAlternates-Bold.otf.ttx
bakery_lint.tests.upstream.test_glyphname_does_not_contain_disallowed_chars.TestGlyphNameDoesNotContainsDisallowedChars.test_glyphname_does_not_contain_disallowed_chars(): OK
bakery_lint.tests.upstream.test_font_filename_eq_familystyle.TestTTFSourceFontFileNameEqualsFamilyStyle.test_source_ttf_font_filename_equals_familystyle(): FAIL
$ mv /home/travis/build/fontdirectory/montserratalternates/builds/build/sources/MontserratAlternates-Bold.otf.ttx /home/travis/build/fontdirectory/montserratalternates/builds/build/sources/MontserratAlternates-Bold.ttx
bakery_lint.tests.upstream.test_font_filename_eq_familystyle.TestTTFSourceFontFileNameEqualsFamilyStyle.test_source_ttf_font_filename_equals_familystyle(): OK
bakery_lint.tests.upstream.test_check_ttx_requirements.SourceTTXTest.test_epar_in_keys(): FAIL
bakery_lint.tests.upstream.test_check_ttx_requirements.SourceTTXTest.test_os2_in_keys(): OK
bakery_lint.tests.upstream.test_check_ttx_requirements.SourceTTXTest.test_ttx_doesnt_contain_duplicate_glyphs(): OK
bakery_lint.tests.upstream.test_check_ttx_fontfamily_recommendations.TTX_FontFamilyNamingTest.test_ttx_family_naming_recommendation(): OK
$ fontbakery-check.py upstream-ttx MontserratAlternates-Regular.otf.ttx
bakery_lint.tests.upstream.test_glyphname_does_not_contain_disallowed_chars.TestGlyphNameDoesNotContainsDisallowedChars.test_glyphname_does_not_contain_disallowed_chars(): OK
bakery_lint.tests.upstream.test_font_filename_eq_familystyle.TestTTFSourceFontFileNameEqualsFamilyStyle.test_source_ttf_font_filename_equals_familystyle(): FAIL
$ mv /home/travis/build/fontdirectory/montserratalternates/builds/build/sources/MontserratAlternates-Regular.otf.ttx /home/travis/build/fontdirectory/montserratalternates/builds/build/sources/MontserratAlternates-Regular.ttx
bakery_lint.tests.upstream.test_font_filename_eq_familystyle.TestTTFSourceFontFileNameEqualsFamilyStyle.test_source_ttf_font_filename_equals_familystyle(): OK
bakery_lint.tests.upstream.test_check_ttx_requirements.SourceTTXTest.test_epar_in_keys(): FAIL
bakery_lint.tests.upstream.test_check_ttx_requirements.SourceTTXTest.test_os2_in_keys(): OK
bakery_lint.tests.upstream.test_check_ttx_requirements.SourceTTXTest.test_ttx_doesnt_contain_duplicate_glyphs(): OK
bakery_lint.tests.upstream.test_check_ttx_fontfamily_recommendations.TTX_FontFamilyNamingTest.test_ttx_family_naming_recommendation(): OK
$ fontbakery-check.py upstream-ttx MontserratAlternates-Bold.ttf.ttx
bakery_lint.tests.upstream.test_glyphname_does_not_contain_disallowed_chars.TestGlyphNameDoesNotContainsDisallowedChars.test_glyphname_does_not_contain_disallowed_chars(): FAIL
bakery_lint.tests.upstream.test_font_filename_eq_familystyle.TestTTFSourceFontFileNameEqualsFamilyStyle.test_source_ttf_font_filename_equals_familystyle(): FAIL
$ mv /home/travis/build/fontdirectory/montserratalternates/builds/build/sources/MontserratAlternates-Bold.ttf.ttx /home/travis/build/fontdirectory/montserratalternates/builds/build/sources/MontserratAlternates-Bold.ttx
bakery_lint.tests.upstream.test_font_filename_eq_familystyle.TestTTFSourceFontFileNameEqualsFamilyStyle.test_source_ttf_font_filename_equals_familystyle(): OK
bakery_lint.tests.upstream.test_check_ttx_requirements.SourceTTXTest.test_epar_in_keys(): FAIL
bakery_lint.tests.upstream.test_check_ttx_requirements.SourceTTXTest.test_os2_in_keys(): OK
bakery_lint.tests.upstream.test_check_ttx_requirements.SourceTTXTest.test_ttx_doesnt_contain_duplicate_glyphs(): OK
bakery_lint.tests.upstream.test_check_ttx_fontfamily_recommendations.TTX_FontFamilyNamingTest.test_ttx_family_naming_recommendation(): OK
$ fontbakery-check.py upstream-ttx MontserratAlternates-Regular.ttf.ttx
bakery_lint.tests.upstream.test_glyphname_does_not_contain_disallowed_chars.TestGlyphNameDoesNotContainsDisallowedChars.test_glyphname_does_not_contain_disallowed_chars(): FAIL
bakery_lint.tests.upstream.test_font_filename_eq_familystyle.TestTTFSourceFontFileNameEqualsFamilyStyle.test_source_ttf_font_filename_equals_familystyle(): FAIL
$ mv /home/travis/build/fontdirectory/montserratalternates/builds/build/sources/MontserratAlternates-Regular.ttf.ttx /home/travis/build/fontdirectory/montserratalternates/builds/build/sources/MontserratAlternates-Regular.ttx
bakery_lint.tests.upstream.test_font_filename_eq_familystyle.TestTTFSourceFontFileNameEqualsFamilyStyle.test_source_ttf_font_filename_equals_familystyle(): OK
bakery_lint.tests.upstream.test_check_ttx_requirements.SourceTTXTest.test_epar_in_keys(): FAIL
bakery_lint.tests.upstream.test_check_ttx_requirements.SourceTTXTest.test_os2_in_keys(): OK
bakery_lint.tests.upstream.test_check_ttx_requirements.SourceTTXTest.test_ttx_doesnt_contain_duplicate_glyphs(): OK
bakery_lint.tests.upstream.test_check_ttx_fontfamily_recommendations.TTX_FontFamilyNamingTest.test_ttx_family_naming_recommendation(): OK
$ fontbakery-check.py upstream MontserratAlternates-Bold-TTF.sfd
bakery_lint.tests.upstream.test_unicode_value_should_appear_only_once_per_font.UnicodeValueShouldAppearOnlyOnce.testUnicodeValue(): ERROR
bakery_lint.tests.upstream.test_font_filename_eq_familystyle.TestTTFSourceFontFileNameEqualsFamilyStyle.test_source_ttf_font_filename_equals_familystyle(): ERROR
bakery_lint.tests.upstream.test_contour_count.TestContourCount.test_contour_count(): ERROR
bakery_lint.tests.upstream.test_check_ufo_requirements.UfoOpenTest.test_has_rupee(): ERROR
bakery_lint.tests.upstream.test_check_ufo_requirements.UfoOpenTest.test_is_A(): ERROR
bakery_lint.tests.upstream.test_check_ufo_requirements.UfoOpenTest.test_is_A_a_glyph_instance(): ERROR
bakery_lint.tests.upstream.test_check_ufo_requirements.UfoOpenTest.test_is_ended_ufo(): ERROR
bakery_lint.tests.upstream.test_check_ufo_requirements.UfoOpenTest.test_is_folder(): ERROR
bakery_lint.tests.upstream.test_check_ufo_requirements.UfoOpenTest.test_is_fsType_eq_1(): ERROR
bakery_lint.tests.upstream.test_check_ufo_requirements.UfoOpenTest.test_it_exists(): ERROR
bakery_lint.tests.upstream.test_check_ufo_fontfamily_recommendations.TestUFOFontFamilyNamingTest.test_familyname_less_than_32_chars(): OK
bakery_lint.tests.upstream.test_check_ufo_fontfamily_recommendations.TestUFOFontFamilyNamingTest.test_fullfontname_less_than_64_chars(): OK
bakery_lint.tests.upstream.test_check_ufo_fontfamily_recommendations.TestUFOFontFamilyNamingTest.test_postscriptname_consistof_allowed_chars(): OK
bakery_lint.tests.upstream.test_check_ufo_fontfamily_recommendations.TestUFOFontFamilyNamingTest.test_postscriptname_less_than_30_chars(): OK
bakery_lint.tests.upstream.test_check_ufo_fontfamily_recommendations.TestUFOFontFamilyNamingTest.test_stylename_less_than_32_chars(): OK
bakery_lint.tests.upstream.test_check_ufo_fontfamily_recommendations.TestUFOFontFamilyNamingTest.test_weight_value_range_between_250_and_900(): OK
$ fontbakery-check.py upstream MontserratAlternates-Bold-after-fonttools-prep-gasp-TTF.sfd
bakery_lint.tests.upstream.test_unicode_value_should_appear_only_once_per_font.UnicodeValueShouldAppearOnlyOnce.testUnicodeValue(): ERROR
bakery_lint.tests.upstream.test_font_filename_eq_familystyle.TestTTFSourceFontFileNameEqualsFamilyStyle.test_source_ttf_font_filename_equals_familystyle(): ERROR
bakery_lint.tests.upstream.test_contour_count.TestContourCount.test_contour_count(): ERROR
bakery_lint.tests.upstream.test_check_ufo_requirements.UfoOpenTest.test_has_rupee(): ERROR
bakery_lint.tests.upstream.test_check_ufo_requirements.UfoOpenTest.test_is_A(): ERROR
bakery_lint.tests.upstream.test_check_ufo_requirements.UfoOpenTest.test_is_A_a_glyph_instance(): ERROR
bakery_lint.tests.upstream.test_check_ufo_requirements.UfoOpenTest.test_is_ended_ufo(): ERROR
bakery_lint.tests.upstream.test_check_ufo_requirements.UfoOpenTest.test_is_folder(): ERROR
bakery_lint.tests.upstream.test_check_ufo_requirements.UfoOpenTest.test_is_fsType_eq_1(): ERROR
bakery_lint.tests.upstream.test_check_ufo_requirements.UfoOpenTest.test_it_exists(): ERROR
bakery_lint.tests.upstream.test_check_ufo_fontfamily_recommendations.TestUFOFontFamilyNamingTest.test_familyname_less_than_32_chars(): OK
bakery_lint.tests.upstream.test_check_ufo_fontfamily_recommendations.TestUFOFontFamilyNamingTest.test_fullfontname_less_than_64_chars(): OK
bakery_lint.tests.upstream.test_check_ufo_fontfamily_recommendations.TestUFOFontFamilyNamingTest.test_postscriptname_consistof_allowed_chars(): OK
bakery_lint.tests.upstream.test_check_ufo_fontfamily_recommendations.TestUFOFontFamilyNamingTest.test_postscriptname_less_than_30_chars(): OK
bakery_lint.tests.upstream.test_check_ufo_fontfamily_recommendations.TestUFOFontFamilyNamingTest.test_stylename_less_than_32_chars(): OK
bakery_lint.tests.upstream.test_check_ufo_fontfamily_recommendations.TestUFOFontFamilyNamingTest.test_weight_value_range_between_250_and_900(): OK
$ fontbakery-check.py upstream MontserratAlternates-Bold-backup-fonttools-prep-gasp-TTF.sfd
bakery_lint.tests.upstream.test_unicode_value_should_appear_only_once_per_font.UnicodeValueShouldAppearOnlyOnce.testUnicodeValue(): ERROR
bakery_lint.tests.upstream.test_font_filename_eq_familystyle.TestTTFSourceFontFileNameEqualsFamilyStyle.test_source_ttf_font_filename_equals_familystyle(): ERROR
bakery_lint.tests.upstream.test_contour_count.TestContourCount.test_contour_count(): ERROR
bakery_lint.tests.upstream.test_check_ufo_requirements.UfoOpenTest.test_has_rupee(): ERROR
bakery_lint.tests.upstream.test_check_ufo_requirements.UfoOpenTest.test_is_A(): ERROR
bakery_lint.tests.upstream.test_check_ufo_requirements.UfoOpenTest.test_is_A_a_glyph_instance(): ERROR
bakery_lint.tests.upstream.test_check_ufo_requirements.UfoOpenTest.test_is_ended_ufo(): ERROR
bakery_lint.tests.upstream.test_check_ufo_requirements.UfoOpenTest.test_is_folder(): ERROR
bakery_lint.tests.upstream.test_check_ufo_requirements.UfoOpenTest.test_is_fsType_eq_1(): ERROR
bakery_lint.tests.upstream.test_check_ufo_requirements.UfoOpenTest.test_it_exists(): ERROR
bakery_lint.tests.upstream.test_check_ufo_fontfamily_recommendations.TestUFOFontFamilyNamingTest.test_familyname_less_than_32_chars(): OK
bakery_lint.tests.upstream.test_check_ufo_fontfamily_recommendations.TestUFOFontFamilyNamingTest.test_fullfontname_less_than_64_chars(): OK
bakery_lint.tests.upstream.test_check_ufo_fontfamily_recommendations.TestUFOFontFamilyNamingTest.test_postscriptname_consistof_allowed_chars(): OK
bakery_lint.tests.upstream.test_check_ufo_fontfamily_recommendations.TestUFOFontFamilyNamingTest.test_postscriptname_less_than_30_chars(): OK
bakery_lint.tests.upstream.test_check_ufo_fontfamily_recommendations.TestUFOFontFamilyNamingTest.test_stylename_less_than_32_chars(): OK
bakery_lint.tests.upstream.test_check_ufo_fontfamily_recommendations.TestUFOFontFamilyNamingTest.test_weight_value_range_between_250_and_900(): OK
$ fontbakery-check.py upstream MontserratAlternates-Regular-TTF.sfd
bakery_lint.tests.upstream.test_unicode_value_should_appear_only_once_per_font.UnicodeValueShouldAppearOnlyOnce.testUnicodeValue(): ERROR
bakery_lint.tests.upstream.test_font_filename_eq_familystyle.TestTTFSourceFontFileNameEqualsFamilyStyle.test_source_ttf_font_filename_equals_familystyle(): ERROR
bakery_lint.tests.upstream.test_contour_count.TestContourCount.test_contour_count(): ERROR
bakery_lint.tests.upstream.test_check_ufo_requirements.UfoOpenTest.test_has_rupee(): ERROR
bakery_lint.tests.upstream.test_check_ufo_requirements.UfoOpenTest.test_is_A(): ERROR
bakery_lint.tests.upstream.test_check_ufo_requirements.UfoOpenTest.test_is_A_a_glyph_instance(): ERROR
bakery_lint.tests.upstream.test_check_ufo_requirements.UfoOpenTest.test_is_ended_ufo(): ERROR
bakery_lint.tests.upstream.test_check_ufo_requirements.UfoOpenTest.test_is_folder(): ERROR
bakery_lint.tests.upstream.test_check_ufo_requirements.UfoOpenTest.test_is_fsType_eq_1(): ERROR
bakery_lint.tests.upstream.test_check_ufo_requirements.UfoOpenTest.test_it_exists(): ERROR
bakery_lint.tests.upstream.test_check_ufo_fontfamily_recommendations.TestUFOFontFamilyNamingTest.test_familyname_less_than_32_chars(): OK
bakery_lint.tests.upstream.test_check_ufo_fontfamily_recommendations.TestUFOFontFamilyNamingTest.test_fullfontname_less_than_64_chars(): OK
bakery_lint.tests.upstream.test_check_ufo_fontfamily_recommendations.TestUFOFontFamilyNamingTest.test_postscriptname_consistof_allowed_chars(): OK
bakery_lint.tests.upstream.test_check_ufo_fontfamily_recommendations.TestUFOFontFamilyNamingTest.test_postscriptname_less_than_30_chars(): OK
bakery_lint.tests.upstream.test_check_ufo_fontfamily_recommendations.TestUFOFontFamilyNamingTest.test_stylename_less_than_32_chars(): OK
bakery_lint.tests.upstream.test_check_ufo_fontfamily_recommendations.TestUFOFontFamilyNamingTest.test_weight_value_range_between_250_and_900(): OK
$ fontbakery-check.py upstream MontserratAlternates-Regular-after-fonttools-prep-gasp-TTF.sfd
bakery_lint.tests.upstream.test_unicode_value_should_appear_only_once_per_font.UnicodeValueShouldAppearOnlyOnce.testUnicodeValue(): ERROR
bakery_lint.tests.upstream.test_font_filename_eq_familystyle.TestTTFSourceFontFileNameEqualsFamilyStyle.test_source_ttf_font_filename_equals_familystyle(): ERROR
bakery_lint.tests.upstream.test_contour_count.TestContourCount.test_contour_count(): ERROR
bakery_lint.tests.upstream.test_check_ufo_requirements.UfoOpenTest.test_has_rupee(): ERROR
bakery_lint.tests.upstream.test_check_ufo_requirements.UfoOpenTest.test_is_A(): ERROR
bakery_lint.tests.upstream.test_check_ufo_requirements.UfoOpenTest.test_is_A_a_glyph_instance(): ERROR
bakery_lint.tests.upstream.test_check_ufo_requirements.UfoOpenTest.test_is_ended_ufo(): ERROR
bakery_lint.tests.upstream.test_check_ufo_requirements.UfoOpenTest.test_is_folder(): ERROR
bakery_lint.tests.upstream.test_check_ufo_requirements.UfoOpenTest.test_is_fsType_eq_1(): ERROR
bakery_lint.tests.upstream.test_check_ufo_requirements.UfoOpenTest.test_it_exists(): ERROR
bakery_lint.tests.upstream.test_check_ufo_fontfamily_recommendations.TestUFOFontFamilyNamingTest.test_familyname_less_than_32_chars(): OK
bakery_lint.tests.upstream.test_check_ufo_fontfamily_recommendations.TestUFOFontFamilyNamingTest.test_fullfontname_less_than_64_chars(): OK
bakery_lint.tests.upstream.test_check_ufo_fontfamily_recommendations.TestUFOFontFamilyNamingTest.test_postscriptname_consistof_allowed_chars(): OK
bakery_lint.tests.upstream.test_check_ufo_fontfamily_recommendations.TestUFOFontFamilyNamingTest.test_postscriptname_less_than_30_chars(): OK
bakery_lint.tests.upstream.test_check_ufo_fontfamily_recommendations.TestUFOFontFamilyNamingTest.test_stylename_less_than_32_chars(): OK
bakery_lint.tests.upstream.test_check_ufo_fontfamily_recommendations.TestUFOFontFamilyNamingTest.test_weight_value_range_between_250_and_900(): OK
$ fontbakery-check.py upstream MontserratAlternates-Regular-backup-fonttools-prep-gasp-TTF.sfd
bakery_lint.tests.upstream.test_unicode_value_should_appear_only_once_per_font.UnicodeValueShouldAppearOnlyOnce.testUnicodeValue(): ERROR
bakery_lint.tests.upstream.test_font_filename_eq_familystyle.TestTTFSourceFontFileNameEqualsFamilyStyle.test_source_ttf_font_filename_equals_familystyle(): ERROR
bakery_lint.tests.upstream.test_contour_count.TestContourCount.test_contour_count(): ERROR
bakery_lint.tests.upstream.test_check_ufo_requirements.UfoOpenTest.test_has_rupee(): ERROR
bakery_lint.tests.upstream.test_check_ufo_requirements.UfoOpenTest.test_is_A(): ERROR
bakery_lint.tests.upstream.test_check_ufo_requirements.UfoOpenTest.test_is_A_a_glyph_instance(): ERROR
bakery_lint.tests.upstream.test_check_ufo_requirements.UfoOpenTest.test_is_ended_ufo(): ERROR
bakery_lint.tests.upstream.test_check_ufo_requirements.UfoOpenTest.test_is_folder(): ERROR
bakery_lint.tests.upstream.test_check_ufo_requirements.UfoOpenTest.test_is_fsType_eq_1(): ERROR
bakery_lint.tests.upstream.test_check_ufo_requirements.UfoOpenTest.test_it_exists(): ERROR
bakery_lint.tests.upstream.test_check_ufo_fontfamily_recommendations.TestUFOFontFamilyNamingTest.test_familyname_less_than_32_chars(): OK
bakery_lint.tests.upstream.test_check_ufo_fontfamily_recommendations.TestUFOFontFamilyNamingTest.test_fullfontname_less_than_64_chars(): OK
bakery_lint.tests.upstream.test_check_ufo_fontfamily_recommendations.TestUFOFontFamilyNamingTest.test_postscriptname_consistof_allowed_chars(): OK
bakery_lint.tests.upstream.test_check_ufo_fontfamily_recommendations.TestUFOFontFamilyNamingTest.test_postscriptname_less_than_30_chars(): OK
bakery_lint.tests.upstream.test_check_ufo_fontfamily_recommendations.TestUFOFontFamilyNamingTest.test_stylename_less_than_32_chars(): OK
bakery_lint.tests.upstream.test_check_ufo_fontfamily_recommendations.TestUFOFontFamilyNamingTest.test_weight_value_range_between_250_and_900(): OK
### (4 of 6) Convert sources to TTF
$ ttx -d /home/travis/build/fontdirectory/montserratalternates/builds/build /home/travis/build/fontdirectory/montserratalternates/builds/build/sources/MontserratAlternates-Regular.ttx /home/travis/build/fontdirectory/montserratalternates/builds/build/sources/MontserratAlternates-Bold.ttx
strippedname:/home/travis/build/fontdirectory/montserratalternates/builds/build/sources/MontserratAlternates-Bold-TTF.sfd
strippedname:/home/travis/build/fontdirectory/montserratalternates/builds/build/sources/MontserratAlternates-Bold-after-fonttools-prep-gasp-TTF.sfd
strippedname:/home/travis/build/fontdirectory/montserratalternates/builds/build/sources/MontserratAlternates-Bold-backup-fonttools-prep-gasp-TTF.sfd
strippedname:/home/travis/build/fontdirectory/montserratalternates/builds/build/sources/MontserratAlternates-Regular-TTF.sfd
strippedname:/home/travis/build/fontdirectory/montserratalternates/builds/build/sources/MontserratAlternates-Regular-after-fonttools-prep-gasp-TTF.sfd
strippedname:/home/travis/build/fontdirectory/montserratalternates/builds/build/sources/MontserratAlternates-Regular-backup-fonttools-prep-gasp-TTF.sfd
Compiling "/home/travis/build/fontdirectory/montserratalternates/builds/build/sources/MontserratAlternates-Regular.ttx" to "/home/travis/build/fontdirectory/montserratalternates/builds/build/MontserratAlternates-Regular.ttf"...
Parsing 'GlyphOrder' table...
Parsing 'head' table...
Parsing 'hhea' table...
Parsing 'maxp' table...
Parsing 'OS/2' table...
Parsing 'hmtx' table...
Parsing 'cmap' table...
Parsing 'prep' table...
Parsing 'loca' table...
Parsing 'glyf' table...
Parsing 'name' table...
Parsing 'post' table...
Parsing 'gasp' table...
Parsing 'FFTM' table...
Parsing 'GDEF' table...
Parsing 'GPOS' table...
Parsing 'GSUB' table...
Parsing 'DSIG' table...
Compiling "/home/travis/build/fontdirectory/montserratalternates/builds/build/sources/MontserratAlternates-Bold.ttx" to "/home/travis/build/fontdirectory/montserratalternates/builds/build/MontserratAlternates-Bold.ttf"...
Parsing 'GlyphOrder' table...
Parsing 'head' table...
Parsing 'hhea' table...
Parsing 'maxp' table...
Parsing 'OS/2' table...
Parsing 'hmtx' table...
Parsing 'cmap' table...
Parsing 'prep' table...
Parsing 'loca' table...
Parsing 'glyf' table...
Parsing 'name' table...
Parsing 'post' table...
Parsing 'gasp' table...
Parsing 'FFTM' table...
Parsing 'GDEF' table...
Parsing 'GPOS' table...
Parsing 'GSUB' table...
Parsing 'DSIG' table...
### Test MontserratAlternates-Regular.ttf
$ fontbakery-check.py result MontserratAlternates-Regular.ttf
bakery_lint.tests.downstream.test_names_are_ascii_only.CheckNamesAreASCIIOnly.test_check_names_are_ascii_only(): OK
bakery_lint.tests.downstream.test_gpos_table_has_kerning_info.CheckGposTableHasKerningInfo.test_gpos_table_has_kerning_info(): OK
bakery_lint.tests.downstream.test_gasp_table_value.CheckGaspTableType.test_check_gasp_table_type(): OK
$ fontbakery-fix-gasp.py --set=15 /home/travis/build/fontdirectory/montserratalternates/builds/build/MontserratAlternates-Regular.ttf
$ mv /home/travis/build/fontdirectory/montserratalternates/builds/build/MontserratAlternates-Regular.ttf.fix /home/travis/build/fontdirectory/montserratalternates/builds/build/MontserratAlternates-Regular.ttf
The following table(s) in the font have been ignored by FontForge
  Ignoring 'DSIG' digital signature table
bakery_lint.tests.downstream.test_fontforge_validation_state.FontForgeValidateStateTest.test_allowed_numbers_paths_in_composite_glyphs(): OK
bakery_lint.tests.downstream.test_fontforge_validation_state.FontForgeValidateStateTest.test_allowed_numbers_paths_in_glyphs(): OK
bakery_lint.tests.downstream.test_fontforge_validation_state.FontForgeValidateStateTest.test_allowed_numbers_points_in_composite_glyphs(): OK
bakery_lint.tests.downstream.test_fontforge_validation_state.FontForgeValidateStateTest.test_allowed_numbers_points_in_glyphs(): OK
bakery_lint.tests.downstream.test_fontforge_validation_state.FontForgeValidateStateTest.test_duplicate_glyphs(): OK
bakery_lint.tests.downstream.test_fontforge_validation_state.FontForgeValidateStateTest.test_duplicate_unicode_codepoints(): OK
bakery_lint.tests.downstream.test_fontforge_validation_state.FontForgeValidateStateTest.test_flipped_reference_in_glyphs(): OK
bakery_lint.tests.downstream.test_fontforge_validation_state.FontForgeValidateStateTest.test_missing_anchors(): OK
bakery_lint.tests.downstream.test_fontforge_validation_state.FontForgeValidateStateTest.test_missing_extrema_in_glyphs(): OK
bakery_lint.tests.downstream.test_fontforge_validation_state.FontForgeValidateStateTest.test_overlapped_hints(): OK
bakery_lint.tests.downstream.test_fontforge_validation_state.FontForgeValidateStateTest.test_points_are_integer_aligned(): OK
bakery_lint.tests.downstream.test_fontforge_validation_state.FontForgeValidateStateTest.test_points_are_not_too_far_apart(): OK
bakery_lint.tests.downstream.test_fontforge_validation_state.FontForgeValidateStateTest.test_postscript_hasnt_limit_hints_in_glyphs(): OK
bakery_lint.tests.downstream.test_fontforge_validation_state.FontForgeValidateStateTest.test_postscript_hasnt_limit_points_in_glyphs(): OK
bakery_lint.tests.downstream.test_fontforge_validation_state.FontForgeValidateStateTest.test_referenced_glyphs_are_present(): OK
bakery_lint.tests.downstream.test_fontforge_validation_state.FontForgeValidateStateTest.test_valid_glyph_names(): OK
bakery_lint.tests.downstream.test_fontforge_validation_state.FontForgeValidateStateTest.test_valid_length_instructions(): OK
bakery_lint.tests.downstream.test_fontforge_validation_state.FontForgeValidateStateTest.test_validation_glyph_intersect(): OK
bakery_lint.tests.downstream.test_fontforge_validation_state.FontForgeValidateStateTest.test_validation_open_contours(): OK
bakery_lint.tests.downstream.test_fontforge_validation_state.FontForgeValidateStateTest.test_wrong_direction_in_glyphs(): OK
bakery_lint.tests.downstream.test_check_vertical_metrics.CheckVerticalLinegapMetrics.test_metrics_linegaps_are_zero(): OK
bakery_lint.tests.downstream.test_check_vertical_metrics.CheckVerticalAscentMetrics.test_metrics_ascents_equal_bbox(): FAIL
$ fontbakery-fix-vertical-metrics.py --autofix /home/travis/build/fontdirectory/montserratalternates/builds/build/MontserratAlternates-Regular.ttf /home/travis/build/fontdirectory/montserratalternates/builds/build/MontserratAlternates-Bold.ttf
$ mv /home/travis/build/fontdirectory/montserratalternates/builds/build/MontserratAlternates-Regular.ttf.fix /home/travis/build/fontdirectory/montserratalternates/builds/build/MontserratAlternates-Regular.ttf
$ mv /home/travis/build/fontdirectory/montserratalternates/builds/build/MontserratAlternates-Bold.ttf.fix /home/travis/build/fontdirectory/montserratalternates/builds/build/MontserratAlternates-Bold.ttf
$ fontbakery-fix-vertical-metrics.py /home/travis/build/fontdirectory/montserratalternates/builds/build/MontserratAlternates-Regular.ttf /home/travis/build/fontdirectory/montserratalternates/builds/build/MontserratAlternates-Bold.ttf
Parameter              MontserratAlternates-Regular.ttf    MontserratAlternates-Bold.ttf    
ymax                   932                                 948                              
hhea.ascent            948                                 948                              
OS/2.sTypoAscender     948                                 948                              
OS/2.usWinAscent       948                                 948                              
ymin                   -250                                -250                             
hhea.descent           -250                                -250                             
OS/2.sTypoDescender    -250                                -250                             
OS/2.usWinDescent      250                                 250                              
hhea.lineGap           0                                   0                                
OS/2.sTypoLineGap      0                                   0                                
hhea total             1198                                1198                             
typo total             1198                                1198                             
win total              1198                                1198                             
UPM:Heights            1000:1182                           1000:1198                        
UPM:Heights %          118 %                               119 %                            


bakery_lint.tests.downstream.test_check_vertical_metrics.CheckVerticalAscentMetrics.test_metrics_ascents_equal_bbox(): OK
bakery_lint.tests.downstream.test_check_vertical_metrics.CheckVerticalDescentMetrics.test_metrics_descents_equal_bbox(): OK
bakery_lint.tests.downstream.test_check_upm_heights_less_120.TestCheckUPMHeightsLess120.test_check_upm_heigths_less_120(): OK
bakery_lint.tests.downstream.test_check_unused_glyph_data.CheckUnusedGlyphData.test_check_unused_glyph_data(): ERROR
bakery_lint.tests.downstream.test_check_unencoded_glyph.TestFontUnencodedGlyph.test_font_unencoded_glyphs(): FAIL
$ fontbakery-fix-glyph-private-encoding.py --autofix /home/travis/build/fontdirectory/montserratalternates/builds/build/MontserratAlternates-Regular.ttf
$ mv /home/travis/build/fontdirectory/montserratalternates/builds/build/MontserratAlternates-Regular.ttf.fix /home/travis/build/fontdirectory/montserratalternates/builds/build/MontserratAlternates-Regular.ttf
bakery_lint.tests.downstream.test_check_unencoded_glyph.TestFontUnencodedGlyph.test_font_unencoded_glyphs(): FAIL
bakery_lint.tests.downstream.test_check_panose_identification.CheckPanoseIdentification.test_check_panose_identification(): OK
bakery_lint.tests.downstream.test_check_os2_width_class.CheckOS2WidthClass.test_check_os2_width_class(): OK
bakery_lint.tests.downstream.test_check_no_problematic_formats.CheckNoProblematicFormats.test_check_no_problematic_formats(): OK
bakery_lint.tests.downstream.test_check_nbsp_width_matches_sp_width.CheckNbspWidthMatchesSpWidth.test_check_nbsp_width_matches_sp_width(): FAIL
$ fontbakery-fix-nbsp.py /home/travis/build/fontdirectory/montserratalternates/builds/build/MontserratAlternates-Regular.ttf
$ mv /home/travis/build/fontdirectory/montserratalternates/builds/build/MontserratAlternates-Regular.ttf.fix /home/travis/build/fontdirectory/montserratalternates/builds/build/MontserratAlternates-Regular.ttf
bakery_lint.tests.downstream.test_check_nbsp_width_matches_sp_width.CheckNbspWidthMatchesSpWidth.test_check_nbsp_width_matches_sp_width(): FAIL
bakery_lint.tests.downstream.test_check_names_same_across_platforms.CheckNamesSameAcrossPlatforms.test_check_names_same_across_platforms(): OK
bakery_lint.tests.downstream.test_check_name_table_recommendation.CheckStyleNameRecommendation.test_check_stylename_is_under_recommendations(): OK
bakery_lint.tests.downstream.test_check_name_table_recommendation.CheckOTFamilyNameRecommendation.test_check_opentype_familyname(): FAIL
$ fontbakery-fix-opentype-names.py /home/travis/build/fontdirectory/montserratalternates/builds/build/MontserratAlternates-Regular.ttf
$ mv /home/travis/build/fontdirectory/montserratalternates/builds/build/MontserratAlternates-Regular.ttf.fix /home/travis/build/fontdirectory/montserratalternates/builds/build/MontserratAlternates-Regular.ttf
bakery_lint.tests.downstream.test_check_name_table_recommendation.CheckOTFamilyNameRecommendation.test_check_opentype_familyname(): OK
bakery_lint.tests.downstream.test_check_name_table_recommendation.CheckOTStyleNameRecommendation.test_check_opentype_stylename(): OK
bakery_lint.tests.downstream.test_check_name_table_recommendation.CheckOTFullNameRecommendation.test_check_opentype_fullname(): OK
bakery_lint.tests.downstream.test_check_magic_prep_code.CheckMagicPREPByteCode.test_prep_magic_code(): OK
bakery_lint.tests.downstream.test_check_license_included.CheckLicenseIncluded.test_license_included_in_font_names(): OK
bakery_lint.tests.downstream.test_check_italic_angle_agreement.CheckItalicAngleAgreement.test_check_italic_angle_agreement(): OK
bakery_lint.tests.downstream.test_check_hmtx_hhea_max_advance_width_agreement.CheckHmtxHheaMaxAdvanceWidthAgreement.test_check_hmtx_hhea_max_advance_width_agreement(): OK
bakery_lint.tests.downstream.test_check_glyph_existence.CheckGlyphExistence.test_euro(): OK
bakery_lint.tests.downstream.test_check_glyph_existence.CheckGlyphExistence.test_nbsp(): OK
bakery_lint.tests.downstream.test_check_glyph_existence.CheckGlyphExistence.test_space(): OK
bakery_lint.tests.downstream.test_check_glyf_table_length.CheckGlyfTableLength.test_check_glyf_table_length(): FAIL
bakery_lint.tests.downstream.test_check_full_font_name_begins_with_family_name.CheckFullFontNameBeginsWithFamilyName.test_check_full_font_name_begins_with_family_name(): FAIL
bakery_lint.tests.downstream.test_check_fontname_matches_macstyle.CheckFontNameEqualToMacStyleFlags.test_fontname_is_equal_to_macstyle(): OK
bakery_lint.tests.downstream.test_check_font_tables.CheckFontHasDsigTable.test_check_font_has_dsig_table(): OK
bakery_lint.tests.downstream.test_check_font_tables.CheckFontHasNotKernTable.test_no_kern_table_exists(): OK
bakery_lint.tests.downstream.test_check_font_agreements.CheckFsTypeIsNotSet.test_is_fstype_not_set(): OK
$ fontbakery-fix-fstype.py --autofix /home/travis/build/fontdirectory/montserratalternates/builds/build/MontserratAlternates-Regular.ttf
$ mv /home/travis/build/fontdirectory/montserratalternates/builds/build/MontserratAlternates-Regular.ttf.fix /home/travis/build/fontdirectory/montserratalternates/builds/build/MontserratAlternates-Regular.ttf
bakery_lint.tests.downstream.test_check_font_agreements.CheckFontAgreements.test_em_is_1000(): OK
bakery_lint.tests.downstream.test_check_font_agreements.CheckFontAgreements.test_font_is_font(): OK
bakery_lint.tests.downstream.test_check_font_agreements.CheckFontAgreements.test_latin_file_exists(): FAIL
bakery_lint.tests.downstream.test_check_font_agreements.CheckFontAgreements.test_menu_file_exists(): FAIL
### Optimize TTF MontserratAlternates-Regular.ttf
$ ls -l 'MontserratAlternates-Regular.ttf'* # look at the size savings of that subset process
MontserratAlternates-Regular.ttf.opt: 25364 bytes
MontserratAlternates-Regular.ttf: 27268 bytes
$ mv /home/travis/build/fontdirectory/montserratalternates/builds/build/MontserratAlternates-Regular.ttf.opt /home/travis/build/fontdirectory/montserratalternates/builds/build/MontserratAlternates-Regular.ttf
### Autohint TTFs (ttfautohint) MontserratAlternates-Regular.ttf
$ ttfautohint -l 7 -r 28 -G 50 -x 13 -w "G" /home/travis/build/fontdirectory/montserratalternates/builds/build/MontserratAlternates-Regular.ttf '/home/travis/build/fontdirectory/montserratalternates/builds/build/MontserratAlternates-Regular.autohint.ttf'

$ ls -l /home/travis/build/fontdirectory/montserratalternates/builds/build/MontserratAlternates-Regular.*ttf # look at the size savings of that subset process
/home/travis/build/fontdirectory/montserratalternates/builds/build/MontserratAlternates-Regular.ttf: 25364 bytes
/home/travis/build/fontdirectory/montserratalternates/builds/build/MontserratAlternates-Regular.autohint.ttf: 43956 bytes
$ mv /home/travis/build/fontdirectory/montserratalternates/builds/build/MontserratAlternates-Regular.autohint.ttf /home/travis/build/fontdirectory/montserratalternates/builds/build/MontserratAlternates-Regular.ttf
### Subset TTFs (pyftsubset) MontserratAlternates-Regular.ttf
$ pyftsubset MontserratAlternates-Regular.latin
$ pyftsubset MontserratAlternates-Regular.menu
strippedname:/home/travis/build/fontdirectory/montserratalternates/builds/build/MontserratAlternates-Regular.ttf
No nbsp glyph
spaceWidth is    274
nbspWidth is     0
MontserratAlternates-Regular.ttf.fix made with spaceWidth and nbspWidth of 274
### Test MontserratAlternates-Bold.ttf
$ fontbakery-check.py result MontserratAlternates-Bold.ttf
bakery_lint.tests.downstream.test_names_are_ascii_only.CheckNamesAreASCIIOnly.test_check_names_are_ascii_only(): OK
bakery_lint.tests.downstream.test_gpos_table_has_kerning_info.CheckGposTableHasKerningInfo.test_gpos_table_has_kerning_info(): OK
bakery_lint.tests.downstream.test_gasp_table_value.CheckGaspTableType.test_check_gasp_table_type(): OK
$ fontbakery-fix-gasp.py --set=15 /home/travis/build/fontdirectory/montserratalternates/builds/build/MontserratAlternates-Bold.ttf
$ mv /home/travis/build/fontdirectory/montserratalternates/builds/build/MontserratAlternates-Bold.ttf.fix /home/travis/build/fontdirectory/montserratalternates/builds/build/MontserratAlternates-Bold.ttf
The following table(s) in the font have been ignored by FontForge
  Ignoring 'DSIG' digital signature table
bakery_lint.tests.downstream.test_fontforge_validation_state.FontForgeValidateStateTest.test_allowed_numbers_paths_in_composite_glyphs(): OK
bakery_lint.tests.downstream.test_fontforge_validation_state.FontForgeValidateStateTest.test_allowed_numbers_paths_in_glyphs(): OK
bakery_lint.tests.downstream.test_fontforge_validation_state.FontForgeValidateStateTest.test_allowed_numbers_points_in_composite_glyphs(): OK
bakery_lint.tests.downstream.test_fontforge_validation_state.FontForgeValidateStateTest.test_allowed_numbers_points_in_glyphs(): OK
bakery_lint.tests.downstream.test_fontforge_validation_state.FontForgeValidateStateTest.test_duplicate_glyphs(): OK
bakery_lint.tests.downstream.test_fontforge_validation_state.FontForgeValidateStateTest.test_duplicate_unicode_codepoints(): OK
bakery_lint.tests.downstream.test_fontforge_validation_state.FontForgeValidateStateTest.test_flipped_reference_in_glyphs(): OK
bakery_lint.tests.downstream.test_fontforge_validation_state.FontForgeValidateStateTest.test_missing_anchors(): OK
bakery_lint.tests.downstream.test_fontforge_validation_state.FontForgeValidateStateTest.test_missing_extrema_in_glyphs(): FAIL
bakery_lint.tests.downstream.test_fontforge_validation_state.FontForgeValidateStateTest.test_overlapped_hints(): OK
bakery_lint.tests.downstream.test_fontforge_validation_state.FontForgeValidateStateTest.test_points_are_integer_aligned(): OK
bakery_lint.tests.downstream.test_fontforge_validation_state.FontForgeValidateStateTest.test_points_are_not_too_far_apart(): OK
bakery_lint.tests.downstream.test_fontforge_validation_state.FontForgeValidateStateTest.test_postscript_hasnt_limit_hints_in_glyphs(): OK
bakery_lint.tests.downstream.test_fontforge_validation_state.FontForgeValidateStateTest.test_postscript_hasnt_limit_points_in_glyphs(): OK
bakery_lint.tests.downstream.test_fontforge_validation_state.FontForgeValidateStateTest.test_referenced_glyphs_are_present(): OK
bakery_lint.tests.downstream.test_fontforge_validation_state.FontForgeValidateStateTest.test_valid_glyph_names(): OK
bakery_lint.tests.downstream.test_fontforge_validation_state.FontForgeValidateStateTest.test_valid_length_instructions(): OK
bakery_lint.tests.downstream.test_fontforge_validation_state.FontForgeValidateStateTest.test_validation_glyph_intersect(): OK
bakery_lint.tests.downstream.test_fontforge_validation_state.FontForgeValidateStateTest.test_validation_open_contours(): OK
bakery_lint.tests.downstream.test_fontforge_validation_state.FontForgeValidateStateTest.test_wrong_direction_in_glyphs(): OK
bakery_lint.tests.downstream.test_check_vertical_metrics.CheckVerticalLinegapMetrics.test_metrics_linegaps_are_zero(): OK
bakery_lint.tests.downstream.test_check_vertical_metrics.CheckVerticalAscentMetrics.test_metrics_ascents_equal_bbox(): OK
bakery_lint.tests.downstream.test_check_vertical_metrics.CheckVerticalDescentMetrics.test_metrics_descents_equal_bbox(): OK
bakery_lint.tests.downstream.test_check_upm_heights_less_120.TestCheckUPMHeightsLess120.test_check_upm_heigths_less_120(): OK
bakery_lint.tests.downstream.test_check_unused_glyph_data.CheckUnusedGlyphData.test_check_unused_glyph_data(): ERROR
bakery_lint.tests.downstream.test_check_unencoded_glyph.TestFontUnencodedGlyph.test_font_unencoded_glyphs(): FAIL
$ fontbakery-fix-glyph-private-encoding.py --autofix /home/travis/build/fontdirectory/montserratalternates/builds/build/MontserratAlternates-Bold.ttf
$ mv /home/travis/build/fontdirectory/montserratalternates/builds/build/MontserratAlternates-Bold.ttf.fix /home/travis/build/fontdirectory/montserratalternates/builds/build/MontserratAlternates-Bold.ttf
bakery_lint.tests.downstream.test_check_unencoded_glyph.TestFontUnencodedGlyph.test_font_unencoded_glyphs(): FAIL
bakery_lint.tests.downstream.test_check_panose_identification.CheckPanoseIdentification.test_check_panose_identification(): OK
bakery_lint.tests.downstream.test_check_os2_width_class.CheckOS2WidthClass.test_check_os2_width_class(): OK
bakery_lint.tests.downstream.test_check_no_problematic_formats.CheckNoProblematicFormats.test_check_no_problematic_formats(): OK
bakery_lint.tests.downstream.test_check_nbsp_width_matches_sp_width.CheckNbspWidthMatchesSpWidth.test_check_nbsp_width_matches_sp_width(): FAIL
$ fontbakery-fix-nbsp.py /home/travis/build/fontdirectory/montserratalternates/builds/build/MontserratAlternates-Bold.ttf
$ mv /home/travis/build/fontdirectory/montserratalternates/builds/build/MontserratAlternates-Bold.ttf.fix /home/travis/build/fontdirectory/montserratalternates/builds/build/MontserratAlternates-Bold.ttf
bakery_lint.tests.downstream.test_check_nbsp_width_matches_sp_width.CheckNbspWidthMatchesSpWidth.test_check_nbsp_width_matches_sp_width(): FAIL
bakery_lint.tests.downstream.test_check_names_same_across_platforms.CheckNamesSameAcrossPlatforms.test_check_names_same_across_platforms(): OK
bakery_lint.tests.downstream.test_check_name_table_recommendation.CheckStyleNameRecommendation.test_check_stylename_is_under_recommendations(): OK
bakery_lint.tests.downstream.test_check_name_table_recommendation.CheckOTFamilyNameRecommendation.test_check_opentype_familyname(): FAIL
$ fontbakery-fix-opentype-names.py /home/travis/build/fontdirectory/montserratalternates/builds/build/MontserratAlternates-Bold.ttf
$ mv /home/travis/build/fontdirectory/montserratalternates/builds/build/MontserratAlternates-Bold.ttf.fix /home/travis/build/fontdirectory/montserratalternates/builds/build/MontserratAlternates-Bold.ttf
bakery_lint.tests.downstream.test_check_name_table_recommendation.CheckOTFamilyNameRecommendation.test_check_opentype_familyname(): OK
bakery_lint.tests.downstream.test_check_name_table_recommendation.CheckOTStyleNameRecommendation.test_check_opentype_stylename(): OK
bakery_lint.tests.downstream.test_check_name_table_recommendation.CheckOTFullNameRecommendation.test_check_opentype_fullname(): OK
bakery_lint.tests.downstream.test_check_magic_prep_code.CheckMagicPREPByteCode.test_prep_magic_code(): OK
bakery_lint.tests.downstream.test_check_license_included.CheckLicenseIncluded.test_license_included_in_font_names(): OK
bakery_lint.tests.downstream.test_check_italic_angle_agreement.CheckItalicAngleAgreement.test_check_italic_angle_agreement(): OK
bakery_lint.tests.downstream.test_check_hmtx_hhea_max_advance_width_agreement.CheckHmtxHheaMaxAdvanceWidthAgreement.test_check_hmtx_hhea_max_advance_width_agreement(): OK
bakery_lint.tests.downstream.test_check_glyph_existence.CheckGlyphExistence.test_euro(): OK
bakery_lint.tests.downstream.test_check_glyph_existence.CheckGlyphExistence.test_nbsp(): OK
bakery_lint.tests.downstream.test_check_glyph_existence.CheckGlyphExistence.test_space(): OK
bakery_lint.tests.downstream.test_check_glyf_table_length.CheckGlyfTableLength.test_check_glyf_table_length(): FAIL
bakery_lint.tests.downstream.test_check_full_font_name_begins_with_family_name.CheckFullFontNameBeginsWithFamilyName.test_check_full_font_name_begins_with_family_name(): FAIL
bakery_lint.tests.downstream.test_check_fontname_matches_macstyle.CheckFontNameEqualToMacStyleFlags.test_fontname_is_equal_to_macstyle(): OK
bakery_lint.tests.downstream.test_check_font_tables.CheckFontHasDsigTable.test_check_font_has_dsig_table(): OK
bakery_lint.tests.downstream.test_check_font_tables.CheckFontHasNotKernTable.test_no_kern_table_exists(): OK
bakery_lint.tests.downstream.test_check_font_agreements.CheckFsTypeIsNotSet.test_is_fstype_not_set(): OK
$ fontbakery-fix-fstype.py --autofix /home/travis/build/fontdirectory/montserratalternates/builds/build/MontserratAlternates-Bold.ttf
$ mv /home/travis/build/fontdirectory/montserratalternates/builds/build/MontserratAlternates-Bold.ttf.fix /home/travis/build/fontdirectory/montserratalternates/builds/build/MontserratAlternates-Bold.ttf
bakery_lint.tests.downstream.test_check_font_agreements.CheckFontAgreements.test_em_is_1000(): OK
bakery_lint.tests.downstream.test_check_font_agreements.CheckFontAgreements.test_font_is_font(): OK
bakery_lint.tests.downstream.test_check_font_agreements.CheckFontAgreements.test_latin_file_exists(): FAIL
bakery_lint.tests.downstream.test_check_font_agreements.CheckFontAgreements.test_menu_file_exists(): FAIL
### Optimize TTF MontserratAlternates-Bold.ttf
$ ls -l 'MontserratAlternates-Bold.ttf'* # look at the size savings of that subset process
MontserratAlternates-Bold.ttf.opt: 26928 bytes
MontserratAlternates-Bold.ttf: 28824 bytes
$ mv /home/travis/build/fontdirectory/montserratalternates/builds/build/MontserratAlternates-Bold.ttf.opt /home/travis/build/fontdirectory/montserratalternates/builds/build/MontserratAlternates-Bold.ttf
### Autohint TTFs (ttfautohint) MontserratAlternates-Bold.ttf
$ ttfautohint -l 7 -r 28 -G 50 -x 13 -w "G" /home/travis/build/fontdirectory/montserratalternates/builds/build/MontserratAlternates-Bold.ttf '/home/travis/build/fontdirectory/montserratalternates/builds/build/MontserratAlternates-Bold.autohint.ttf'

$ ls -l /home/travis/build/fontdirectory/montserratalternates/builds/build/MontserratAlternates-Bold.*ttf # look at the size savings of that subset process
/home/travis/build/fontdirectory/montserratalternates/builds/build/MontserratAlternates-Bold.ttf: 26928 bytes
/home/travis/build/fontdirectory/montserratalternates/builds/build/MontserratAlternates-Bold.autohint.ttf: 44664 bytes
$ mv /home/travis/build/fontdirectory/montserratalternates/builds/build/MontserratAlternates-Bold.autohint.ttf /home/travis/build/fontdirectory/montserratalternates/builds/build/MontserratAlternates-Bold.ttf
### Subset TTFs (pyftsubset) MontserratAlternates-Bold.ttf
$ pyftsubset MontserratAlternates-Bold.latin
$ pyftsubset MontserratAlternates-Bold.menu
strippedname:/home/travis/build/fontdirectory/montserratalternates/builds/build/MontserratAlternates-Bold.ttf
No nbsp glyph
spaceWidth is    264
nbspWidth is     0
MontserratAlternates-Bold.ttf.fix made with spaceWidth and nbspWidth of 264
$ fontbakery-build-font2ttf.py sources/MontserratAlternates-Bold-TTF.sfd MontserratAlternates-Bold-TTF.ttf
Success: Generated OpenType-TTF (/home/travis/build/fontdirectory/montserratalternates/builds/build/MontserratAlternates-Bold-TTF.ttf)
### Test MontserratAlternates-Bold-TTF.ttf
$ fontbakery-check.py result MontserratAlternates-Bold-TTF.ttf
bakery_lint.tests.downstream.test_names_are_ascii_only.CheckNamesAreASCIIOnly.test_check_names_are_ascii_only(): OK
bakery_lint.tests.downstream.test_gpos_table_has_kerning_info.CheckGposTableHasKerningInfo.test_gpos_table_has_kerning_info(): OK
bakery_lint.tests.downstream.test_gasp_table_value.CheckGaspTableType.test_check_gasp_table_type(): FAIL
$ fontbakery-fix-gasp.py --set=15 /home/travis/build/fontdirectory/montserratalternates/builds/build/MontserratAlternates-Bold-TTF.ttf
$ mv /home/travis/build/fontdirectory/montserratalternates/builds/build/MontserratAlternates-Bold-TTF.ttf.fix /home/travis/build/fontdirectory/montserratalternates/builds/build/MontserratAlternates-Bold-TTF.ttf
bakery_lint.tests.downstream.test_gasp_table_value.CheckGaspTableType.test_check_gasp_table_type(): OK
$ fontbakery-fix-gasp.py --set=15 /home/travis/build/fontdirectory/montserratalternates/builds/build/MontserratAlternates-Bold-TTF.ttf
$ mv /home/travis/build/fontdirectory/montserratalternates/builds/build/MontserratAlternates-Bold-TTF.ttf.fix /home/travis/build/fontdirectory/montserratalternates/builds/build/MontserratAlternates-Bold-TTF.ttf
The following table(s) in the font have been ignored by FontForge
  Ignoring 'DSIG' digital signature table
bakery_lint.tests.downstream.test_fontforge_validation_state.FontForgeValidateStateTest.test_allowed_numbers_paths_in_composite_glyphs(): OK
bakery_lint.tests.downstream.test_fontforge_validation_state.FontForgeValidateStateTest.test_allowed_numbers_paths_in_glyphs(): OK
bakery_lint.tests.downstream.test_fontforge_validation_state.FontForgeValidateStateTest.test_allowed_numbers_points_in_composite_glyphs(): OK
bakery_lint.tests.downstream.test_fontforge_validation_state.FontForgeValidateStateTest.test_allowed_numbers_points_in_glyphs(): OK
bakery_lint.tests.downstream.test_fontforge_validation_state.FontForgeValidateStateTest.test_duplicate_glyphs(): OK
bakery_lint.tests.downstream.test_fontforge_validation_state.FontForgeValidateStateTest.test_duplicate_unicode_codepoints(): OK
bakery_lint.tests.downstream.test_fontforge_validation_state.FontForgeValidateStateTest.test_flipped_reference_in_glyphs(): OK
bakery_lint.tests.downstream.test_fontforge_validation_state.FontForgeValidateStateTest.test_missing_anchors(): OK
bakery_lint.tests.downstream.test_fontforge_validation_state.FontForgeValidateStateTest.test_missing_extrema_in_glyphs(): FAIL
bakery_lint.tests.downstream.test_fontforge_validation_state.FontForgeValidateStateTest.test_overlapped_hints(): OK
bakery_lint.tests.downstream.test_fontforge_validation_state.FontForgeValidateStateTest.test_points_are_integer_aligned(): OK
bakery_lint.tests.downstream.test_fontforge_validation_state.FontForgeValidateStateTest.test_points_are_not_too_far_apart(): OK
bakery_lint.tests.downstream.test_fontforge_validation_state.FontForgeValidateStateTest.test_postscript_hasnt_limit_hints_in_glyphs(): OK
bakery_lint.tests.downstream.test_fontforge_validation_state.FontForgeValidateStateTest.test_postscript_hasnt_limit_points_in_glyphs(): OK
bakery_lint.tests.downstream.test_fontforge_validation_state.FontForgeValidateStateTest.test_referenced_glyphs_are_present(): OK
bakery_lint.tests.downstream.test_fontforge_validation_state.FontForgeValidateStateTest.test_valid_glyph_names(): OK
bakery_lint.tests.downstream.test_fontforge_validation_state.FontForgeValidateStateTest.test_valid_length_instructions(): OK
bakery_lint.tests.downstream.test_fontforge_validation_state.FontForgeValidateStateTest.test_validation_glyph_intersect(): OK
bakery_lint.tests.downstream.test_fontforge_validation_state.FontForgeValidateStateTest.test_validation_open_contours(): OK
bakery_lint.tests.downstream.test_fontforge_validation_state.FontForgeValidateStateTest.test_wrong_direction_in_glyphs(): OK
bakery_lint.tests.downstream.test_check_vertical_metrics.CheckVerticalLinegapMetrics.test_metrics_linegaps_are_zero(): OK
bakery_lint.tests.downstream.test_check_vertical_metrics.CheckVerticalAscentMetrics.test_metrics_ascents_equal_bbox(): FAIL
$ fontbakery-fix-vertical-metrics.py --autofix /home/travis/build/fontdirectory/montserratalternates/builds/build/MontserratAlternates-Bold-TTF.ttf /home/travis/build/fontdirectory/montserratalternates/builds/build/MontserratAlternates-Bold.ttf /home/travis/build/fontdirectory/montserratalternates/builds/build/MontserratAlternates-Regular.ttf
$ mv /home/travis/build/fontdirectory/montserratalternates/builds/build/MontserratAlternates-Bold-TTF.ttf.fix /home/travis/build/fontdirectory/montserratalternates/builds/build/MontserratAlternates-Bold-TTF.ttf
$ mv /home/travis/build/fontdirectory/montserratalternates/builds/build/MontserratAlternates-Bold.ttf.fix /home/travis/build/fontdirectory/montserratalternates/builds/build/MontserratAlternates-Bold.ttf
$ mv /home/travis/build/fontdirectory/montserratalternates/builds/build/MontserratAlternates-Regular.ttf.fix /home/travis/build/fontdirectory/montserratalternates/builds/build/MontserratAlternates-Regular.ttf
$ fontbakery-fix-vertical-metrics.py /home/travis/build/fontdirectory/montserratalternates/builds/build/MontserratAlternates-Bold-TTF.ttf /home/travis/build/fontdirectory/montserratalternates/builds/build/MontserratAlternates-Bold.ttf /home/travis/build/fontdirectory/montserratalternates/builds/build/MontserratAlternates-Regular.ttf
Parameter              MontserratAlternates-Bold-TTF.ttf    MontserratAlternates-Bold.ttf    MontserratAlternates-Regular.ttf    
ymax                   948                                  948                              932                                 
hhea.ascent            948                                  948                              948                                 
OS/2.sTypoAscender     948                                  948                              948                                 
OS/2.usWinAscent       948                                  948                              948                                 
ymin                   -250                                 -250                             -250                                
hhea.descent           -250                                 -250                             -250                                
OS/2.sTypoDescender    -250                                 -250                             -250                                
OS/2.usWinDescent      250                                  250                              250                                 
hhea.lineGap           0                                    0                                0                                   
OS/2.sTypoLineGap      0                                    0                                0                                   
hhea total             1198                                 1198                             1198                                
typo total             1198                                 1198                             1198                                
win total              1198                                 1198                             1198                                
UPM:Heights            1000:1198                            1000:1198                        1000:1182                           
UPM:Heights %          119 %                                119 %                            118 %                               


bakery_lint.tests.downstream.test_check_vertical_metrics.CheckVerticalAscentMetrics.test_metrics_ascents_equal_bbox(): OK
bakery_lint.tests.downstream.test_check_vertical_metrics.CheckVerticalDescentMetrics.test_metrics_descents_equal_bbox(): OK
bakery_lint.tests.downstream.test_check_upm_heights_less_120.TestCheckUPMHeightsLess120.test_check_upm_heigths_less_120(): OK
bakery_lint.tests.downstream.test_check_unused_glyph_data.CheckUnusedGlyphData.test_check_unused_glyph_data(): ERROR
bakery_lint.tests.downstream.test_check_unencoded_glyph.TestFontUnencodedGlyph.test_font_unencoded_glyphs(): FAIL
$ fontbakery-fix-glyph-private-encoding.py --autofix /home/travis/build/fontdirectory/montserratalternates/builds/build/MontserratAlternates-Bold-TTF.ttf
$ mv /home/travis/build/fontdirectory/montserratalternates/builds/build/MontserratAlternates-Bold-TTF.ttf.fix /home/travis/build/fontdirectory/montserratalternates/builds/build/MontserratAlternates-Bold-TTF.ttf
bakery_lint.tests.downstream.test_check_unencoded_glyph.TestFontUnencodedGlyph.test_font_unencoded_glyphs(): FAIL
bakery_lint.tests.downstream.test_check_panose_identification.CheckPanoseIdentification.test_check_panose_identification(): OK
bakery_lint.tests.downstream.test_check_os2_width_class.CheckOS2WidthClass.test_check_os2_width_class(): OK
bakery_lint.tests.downstream.test_check_no_problematic_formats.CheckNoProblematicFormats.test_check_no_problematic_formats(): OK
bakery_lint.tests.downstream.test_check_nbsp_width_matches_sp_width.CheckNbspWidthMatchesSpWidth.test_check_nbsp_width_matches_sp_width(): FAIL
$ fontbakery-fix-nbsp.py /home/travis/build/fontdirectory/montserratalternates/builds/build/MontserratAlternates-Bold-TTF.ttf
$ mv /home/travis/build/fontdirectory/montserratalternates/builds/build/MontserratAlternates-Bold-TTF.ttf.fix /home/travis/build/fontdirectory/montserratalternates/builds/build/MontserratAlternates-Bold-TTF.ttf
bakery_lint.tests.downstream.test_check_nbsp_width_matches_sp_width.CheckNbspWidthMatchesSpWidth.test_check_nbsp_width_matches_sp_width(): FAIL
bakery_lint.tests.downstream.test_check_names_same_across_platforms.CheckNamesSameAcrossPlatforms.test_check_names_same_across_platforms(): OK
bakery_lint.tests.downstream.test_check_name_table_recommendation.CheckStyleNameRecommendation.test_check_stylename_is_under_recommendations(): OK
bakery_lint.tests.downstream.test_check_name_table_recommendation.CheckOTFamilyNameRecommendation.test_check_opentype_familyname(): FAIL
$ fontbakery-fix-opentype-names.py /home/travis/build/fontdirectory/montserratalternates/builds/build/MontserratAlternates-Bold-TTF.ttf
$ mv /home/travis/build/fontdirectory/montserratalternates/builds/build/MontserratAlternates-Bold-TTF.ttf.fix /home/travis/build/fontdirectory/montserratalternates/builds/build/MontserratAlternates-Bold-TTF.ttf
bakery_lint.tests.downstream.test_check_name_table_recommendation.CheckOTFamilyNameRecommendation.test_check_opentype_familyname(): OK
bakery_lint.tests.downstream.test_check_name_table_recommendation.CheckOTStyleNameRecommendation.test_check_opentype_stylename(): OK
bakery_lint.tests.downstream.test_check_name_table_recommendation.CheckOTFullNameRecommendation.test_check_opentype_fullname(): OK
bakery_lint.tests.downstream.test_check_magic_prep_code.CheckMagicPREPByteCode.test_prep_magic_code(): FAIL
bakery_lint.tests.downstream.test_check_license_included.CheckLicenseIncluded.test_license_included_in_font_names(): OK
bakery_lint.tests.downstream.test_check_italic_angle_agreement.CheckItalicAngleAgreement.test_check_italic_angle_agreement(): OK
bakery_lint.tests.downstream.test_check_hmtx_hhea_max_advance_width_agreement.CheckHmtxHheaMaxAdvanceWidthAgreement.test_check_hmtx_hhea_max_advance_width_agreement(): OK
bakery_lint.tests.downstream.test_check_glyph_existence.CheckGlyphExistence.test_euro(): OK
bakery_lint.tests.downstream.test_check_glyph_existence.CheckGlyphExistence.test_nbsp(): OK
bakery_lint.tests.downstream.test_check_glyph_existence.CheckGlyphExistence.test_space(): OK
bakery_lint.tests.downstream.test_check_glyf_table_length.CheckGlyfTableLength.test_check_glyf_table_length(): FAIL
bakery_lint.tests.downstream.test_check_full_font_name_begins_with_family_name.CheckFullFontNameBeginsWithFamilyName.test_check_full_font_name_begins_with_family_name(): FAIL
bakery_lint.tests.downstream.test_check_fontname_matches_macstyle.CheckFontNameEqualToMacStyleFlags.test_fontname_is_equal_to_macstyle(): OK
bakery_lint.tests.downstream.test_check_font_tables.CheckFontHasDsigTable.test_check_font_has_dsig_table(): OK
bakery_lint.tests.downstream.test_check_font_tables.CheckFontHasNotKernTable.test_no_kern_table_exists(): OK
bakery_lint.tests.downstream.test_check_font_agreements.CheckFsTypeIsNotSet.test_is_fstype_not_set(): OK
$ fontbakery-fix-fstype.py --autofix /home/travis/build/fontdirectory/montserratalternates/builds/build/MontserratAlternates-Bold-TTF.ttf
$ mv /home/travis/build/fontdirectory/montserratalternates/builds/build/MontserratAlternates-Bold-TTF.ttf.fix /home/travis/build/fontdirectory/montserratalternates/builds/build/MontserratAlternates-Bold-TTF.ttf
bakery_lint.tests.downstream.test_check_font_agreements.CheckFontAgreements.test_em_is_1000(): OK
bakery_lint.tests.downstream.test_check_font_agreements.CheckFontAgreements.test_font_is_font(): OK
bakery_lint.tests.downstream.test_check_font_agreements.CheckFontAgreements.test_latin_file_exists(): FAIL
bakery_lint.tests.downstream.test_check_font_agreements.CheckFontAgreements.test_menu_file_exists(): FAIL
### Optimize TTF MontserratAlternates-Bold-TTF.ttf
$ ls -l 'MontserratAlternates-Bold-TTF.ttf'* # look at the size savings of that subset process
MontserratAlternates-Bold-TTF.ttf.opt: 26820 bytes
MontserratAlternates-Bold-TTF.ttf: 28976 bytes
$ mv /home/travis/build/fontdirectory/montserratalternates/builds/build/MontserratAlternates-Bold-TTF.ttf.opt /home/travis/build/fontdirectory/montserratalternates/builds/build/MontserratAlternates-Bold-TTF.ttf
### Autohint TTFs (ttfautohint) MontserratAlternates-Bold-TTF.ttf
$ ttfautohint -l 7 -r 28 -G 50 -x 13 -w "G" /home/travis/build/fontdirectory/montserratalternates/builds/build/MontserratAlternates-Bold-TTF.ttf '/home/travis/build/fontdirectory/montserratalternates/builds/build/MontserratAlternates-Bold-TTF.autohint.ttf'

$ ls -l /home/travis/build/fontdirectory/montserratalternates/builds/build/MontserratAlternates-Bold-TTF.*ttf # look at the size savings of that subset process
/home/travis/build/fontdirectory/montserratalternates/builds/build/MontserratAlternates-Bold-TTF.ttf: 26820 bytes
/home/travis/build/fontdirectory/montserratalternates/builds/build/MontserratAlternates-Bold-TTF.autohint.ttf: 44300 bytes
$ mv /home/travis/build/fontdirectory/montserratalternates/builds/build/MontserratAlternates-Bold-TTF.autohint.ttf /home/travis/build/fontdirectory/montserratalternates/builds/build/MontserratAlternates-Bold-TTF.ttf
### Subset TTFs (pyftsubset) MontserratAlternates-Bold-TTF.ttf
$ pyftsubset MontserratAlternates-Bold-TTF.latin
$ pyftsubset MontserratAlternates-Bold-TTF.menu
strippedname:/home/travis/build/fontdirectory/montserratalternates/builds/build/MontserratAlternates-Bold-TTF.ttf
No nbsp glyph
spaceWidth is    264
nbspWidth is     0
MontserratAlternates-Bold-TTF.ttf.fix made with spaceWidth and nbspWidth of 264
$ fontbakery-build-font2ttf.py sources/MontserratAlternates-Bold-after-fonttools-prep-gasp-TTF.sfd MontserratAlternates-Bold-after-fonttools-prep-gasp-TTF.ttf
Success: Generated OpenType-TTF (/home/travis/build/fontdirectory/montserratalternates/builds/build/MontserratAlternates-Bold-after-fonttools-prep-gasp-TTF.ttf)
### Test MontserratAlternates-Bold-after-fonttools-prep-gasp-TTF.ttf
$ fontbakery-check.py result MontserratAlternates-Bold-after-fonttools-prep-gasp-TTF.ttf
bakery_lint.tests.downstream.test_names_are_ascii_only.CheckNamesAreASCIIOnly.test_check_names_are_ascii_only(): OK
bakery_lint.tests.downstream.test_gpos_table_has_kerning_info.CheckGposTableHasKerningInfo.test_gpos_table_has_kerning_info(): OK
bakery_lint.tests.downstream.test_gasp_table_value.CheckGaspTableType.test_check_gasp_table_type(): OK
$ fontbakery-fix-gasp.py --set=15 /home/travis/build/fontdirectory/montserratalternates/builds/build/MontserratAlternates-Bold-after-fonttools-prep-gasp-TTF.ttf
$ mv /home/travis/build/fontdirectory/montserratalternates/builds/build/MontserratAlternates-Bold-after-fonttools-prep-gasp-TTF.ttf.fix /home/travis/build/fontdirectory/montserratalternates/builds/build/MontserratAlternates-Bold-after-fonttools-prep-gasp-TTF.ttf
The following table(s) in the font have been ignored by FontForge
  Ignoring 'DSIG' digital signature table
bakery_lint.tests.downstream.test_fontforge_validation_state.FontForgeValidateStateTest.test_allowed_numbers_paths_in_composite_glyphs(): OK
bakery_lint.tests.downstream.test_fontforge_validation_state.FontForgeValidateStateTest.test_allowed_numbers_paths_in_glyphs(): OK
bakery_lint.tests.downstream.test_fontforge_validation_state.FontForgeValidateStateTest.test_allowed_numbers_points_in_composite_glyphs(): OK
bakery_lint.tests.downstream.test_fontforge_validation_state.FontForgeValidateStateTest.test_allowed_numbers_points_in_glyphs(): OK
bakery_lint.tests.downstream.test_fontforge_validation_state.FontForgeValidateStateTest.test_duplicate_glyphs(): OK
bakery_lint.tests.downstream.test_fontforge_validation_state.FontForgeValidateStateTest.test_duplicate_unicode_codepoints(): OK
bakery_lint.tests.downstream.test_fontforge_validation_state.FontForgeValidateStateTest.test_flipped_reference_in_glyphs(): OK
bakery_lint.tests.downstream.test_fontforge_validation_state.FontForgeValidateStateTest.test_missing_anchors(): OK
bakery_lint.tests.downstream.test_fontforge_validation_state.FontForgeValidateStateTest.test_missing_extrema_in_glyphs(): FAIL
bakery_lint.tests.downstream.test_fontforge_validation_state.FontForgeValidateStateTest.test_overlapped_hints(): OK
bakery_lint.tests.downstream.test_fontforge_validation_state.FontForgeValidateStateTest.test_points_are_integer_aligned(): OK
bakery_lint.tests.downstream.test_fontforge_validation_state.FontForgeValidateStateTest.test_points_are_not_too_far_apart(): OK
bakery_lint.tests.downstream.test_fontforge_validation_state.FontForgeValidateStateTest.test_postscript_hasnt_limit_hints_in_glyphs(): OK
bakery_lint.tests.downstream.test_fontforge_validation_state.FontForgeValidateStateTest.test_postscript_hasnt_limit_points_in_glyphs(): OK
bakery_lint.tests.downstream.test_fontforge_validation_state.FontForgeValidateStateTest.test_referenced_glyphs_are_present(): OK
bakery_lint.tests.downstream.test_fontforge_validation_state.FontForgeValidateStateTest.test_valid_glyph_names(): OK
bakery_lint.tests.downstream.test_fontforge_validation_state.FontForgeValidateStateTest.test_valid_length_instructions(): OK
bakery_lint.tests.downstream.test_fontforge_validation_state.FontForgeValidateStateTest.test_validation_glyph_intersect(): OK
bakery_lint.tests.downstream.test_fontforge_validation_state.FontForgeValidateStateTest.test_validation_open_contours(): OK
bakery_lint.tests.downstream.test_fontforge_validation_state.FontForgeValidateStateTest.test_wrong_direction_in_glyphs(): OK
bakery_lint.tests.downstream.test_check_vertical_metrics.CheckVerticalLinegapMetrics.test_metrics_linegaps_are_zero(): OK
bakery_lint.tests.downstream.test_check_vertical_metrics.CheckVerticalAscentMetrics.test_metrics_ascents_equal_bbox(): FAIL
$ fontbakery-fix-vertical-metrics.py --autofix /home/travis/build/fontdirectory/montserratalternates/builds/build/MontserratAlternates-Bold-after-fonttools-prep-gasp-TTF.ttf /home/travis/build/fontdirectory/montserratalternates/builds/build/MontserratAlternates-Bold-TTF.ttf /home/travis/build/fontdirectory/montserratalternates/builds/build/MontserratAlternates-Regular.ttf /home/travis/build/fontdirectory/montserratalternates/builds/build/MontserratAlternates-Bold.ttf
$ mv /home/travis/build/fontdirectory/montserratalternates/builds/build/MontserratAlternates-Bold-after-fonttools-prep-gasp-TTF.ttf.fix /home/travis/build/fontdirectory/montserratalternates/builds/build/MontserratAlternates-Bold-after-fonttools-prep-gasp-TTF.ttf
$ mv /home/travis/build/fontdirectory/montserratalternates/builds/build/MontserratAlternates-Bold-TTF.ttf.fix /home/travis/build/fontdirectory/montserratalternates/builds/build/MontserratAlternates-Bold-TTF.ttf
$ mv /home/travis/build/fontdirectory/montserratalternates/builds/build/MontserratAlternates-Regular.ttf.fix /home/travis/build/fontdirectory/montserratalternates/builds/build/MontserratAlternates-Regular.ttf
$ mv /home/travis/build/fontdirectory/montserratalternates/builds/build/MontserratAlternates-Bold.ttf.fix /home/travis/build/fontdirectory/montserratalternates/builds/build/MontserratAlternates-Bold.ttf
$ fontbakery-fix-vertical-metrics.py /home/travis/build/fontdirectory/montserratalternates/builds/build/MontserratAlternates-Bold-after-fonttools-prep-gasp-TTF.ttf /home/travis/build/fontdirectory/montserratalternates/builds/build/MontserratAlternates-Bold-TTF.ttf /home/travis/build/fontdirectory/montserratalternates/builds/build/MontserratAlternates-Regular.ttf /home/travis/build/fontdirectory/montserratalternates/builds/build/MontserratAlternates-Bold.ttf
Parameter              MontserratAlternates-Bold-after-fonttools-prep-gasp-TTF.ttf    MontserratAlternates-Bold-TTF.ttf    MontserratAlternates-Regular.ttf    MontserratAlternates-Bold.ttf    
ymax                   948                                                            948                                  932                                 948                              
hhea.ascent            948                                                            948                                  948                                 948                              
OS/2.sTypoAscender     948                                                            948                                  948                                 948                              
OS/2.usWinAscent       948                                                            948                                  948                                 948                              
ymin                   -250                                                           -250                                 -250                                -250                             
hhea.descent           -250                                                           -250                                 -250                                -250                             
OS/2.sTypoDescender    -250                                                           -250                                 -250                                -250                             
OS/2.usWinDescent      250                                                            250                                  250                                 250                              
hhea.lineGap           0                                                              0                                    0                                   0                                
OS/2.sTypoLineGap      0                                                              0                                    0                                   0                                
hhea total             1198                                                           1198                                 1198                                1198                             
typo total             1198                                                           1198                                 1198                                1198                             
win total              1198                                                           1198                                 1198                                1198                             
UPM:Heights            1000:1198                                                      1000:1198                            1000:1182                           1000:1198                        
UPM:Heights %          119 %                                                          119 %                                118 %                               119 %                            


bakery_lint.tests.downstream.test_check_vertical_metrics.CheckVerticalAscentMetrics.test_metrics_ascents_equal_bbox(): OK
bakery_lint.tests.downstream.test_check_vertical_metrics.CheckVerticalDescentMetrics.test_metrics_descents_equal_bbox(): OK
bakery_lint.tests.downstream.test_check_upm_heights_less_120.TestCheckUPMHeightsLess120.test_check_upm_heigths_less_120(): OK
bakery_lint.tests.downstream.test_check_unused_glyph_data.CheckUnusedGlyphData.test_check_unused_glyph_data(): ERROR
bakery_lint.tests.downstream.test_check_unencoded_glyph.TestFontUnencodedGlyph.test_font_unencoded_glyphs(): FAIL
$ fontbakery-fix-glyph-private-encoding.py --autofix /home/travis/build/fontdirectory/montserratalternates/builds/build/MontserratAlternates-Bold-after-fonttools-prep-gasp-TTF.ttf
$ mv /home/travis/build/fontdirectory/montserratalternates/builds/build/MontserratAlternates-Bold-after-fonttools-prep-gasp-TTF.ttf.fix /home/travis/build/fontdirectory/montserratalternates/builds/build/MontserratAlternates-Bold-after-fonttools-prep-gasp-TTF.ttf
bakery_lint.tests.downstream.test_check_unencoded_glyph.TestFontUnencodedGlyph.test_font_unencoded_glyphs(): FAIL
bakery_lint.tests.downstream.test_check_panose_identification.CheckPanoseIdentification.test_check_panose_identification(): OK
bakery_lint.tests.downstream.test_check_os2_width_class.CheckOS2WidthClass.test_check_os2_width_class(): OK
bakery_lint.tests.downstream.test_check_no_problematic_formats.CheckNoProblematicFormats.test_check_no_problematic_formats(): OK
bakery_lint.tests.downstream.test_check_nbsp_width_matches_sp_width.CheckNbspWidthMatchesSpWidth.test_check_nbsp_width_matches_sp_width(): FAIL
$ fontbakery-fix-nbsp.py /home/travis/build/fontdirectory/montserratalternates/builds/build/MontserratAlternates-Bold-after-fonttools-prep-gasp-TTF.ttf
$ mv /home/travis/build/fontdirectory/montserratalternates/builds/build/MontserratAlternates-Bold-after-fonttools-prep-gasp-TTF.ttf.fix /home/travis/build/fontdirectory/montserratalternates/builds/build/MontserratAlternates-Bold-after-fonttools-prep-gasp-TTF.ttf
bakery_lint.tests.downstream.test_check_nbsp_width_matches_sp_width.CheckNbspWidthMatchesSpWidth.test_check_nbsp_width_matches_sp_width(): FAIL
bakery_lint.tests.downstream.test_check_names_same_across_platforms.CheckNamesSameAcrossPlatforms.test_check_names_same_across_platforms(): OK
bakery_lint.tests.downstream.test_check_name_table_recommendation.CheckStyleNameRecommendation.test_check_stylename_is_under_recommendations(): OK
bakery_lint.tests.downstream.test_check_name_table_recommendation.CheckOTFamilyNameRecommendation.test_check_opentype_familyname(): FAIL
$ fontbakery-fix-opentype-names.py /home/travis/build/fontdirectory/montserratalternates/builds/build/MontserratAlternates-Bold-after-fonttools-prep-gasp-TTF.ttf
$ mv /home/travis/build/fontdirectory/montserratalternates/builds/build/MontserratAlternates-Bold-after-fonttools-prep-gasp-TTF.ttf.fix /home/travis/build/fontdirectory/montserratalternates/builds/build/MontserratAlternates-Bold-after-fonttools-prep-gasp-TTF.ttf
bakery_lint.tests.downstream.test_check_name_table_recommendation.CheckOTFamilyNameRecommendation.test_check_opentype_familyname(): OK
bakery_lint.tests.downstream.test_check_name_table_recommendation.CheckOTStyleNameRecommendation.test_check_opentype_stylename(): OK
bakery_lint.tests.downstream.test_check_name_table_recommendation.CheckOTFullNameRecommendation.test_check_opentype_fullname(): OK
bakery_lint.tests.downstream.test_check_magic_prep_code.CheckMagicPREPByteCode.test_prep_magic_code(): OK
bakery_lint.tests.downstream.test_check_license_included.CheckLicenseIncluded.test_license_included_in_font_names(): OK
bakery_lint.tests.downstream.test_check_italic_angle_agreement.CheckItalicAngleAgreement.test_check_italic_angle_agreement(): OK
bakery_lint.tests.downstream.test_check_hmtx_hhea_max_advance_width_agreement.CheckHmtxHheaMaxAdvanceWidthAgreement.test_check_hmtx_hhea_max_advance_width_agreement(): OK
bakery_lint.tests.downstream.test_check_glyph_existence.CheckGlyphExistence.test_euro(): OK
bakery_lint.tests.downstream.test_check_glyph_existence.CheckGlyphExistence.test_nbsp(): OK
bakery_lint.tests.downstream.test_check_glyph_existence.CheckGlyphExistence.test_space(): OK
bakery_lint.tests.downstream.test_check_glyf_table_length.CheckGlyfTableLength.test_check_glyf_table_length(): FAIL
bakery_lint.tests.downstream.test_check_full_font_name_begins_with_family_name.CheckFullFontNameBeginsWithFamilyName.test_check_full_font_name_begins_with_family_name(): FAIL
bakery_lint.tests.downstream.test_check_fontname_matches_macstyle.CheckFontNameEqualToMacStyleFlags.test_fontname_is_equal_to_macstyle(): OK
bakery_lint.tests.downstream.test_check_font_tables.CheckFontHasDsigTable.test_check_font_has_dsig_table(): OK
bakery_lint.tests.downstream.test_check_font_tables.CheckFontHasNotKernTable.test_no_kern_table_exists(): OK
bakery_lint.tests.downstream.test_check_font_agreements.CheckFsTypeIsNotSet.test_is_fstype_not_set(): OK
$ fontbakery-fix-fstype.py --autofix /home/travis/build/fontdirectory/montserratalternates/builds/build/MontserratAlternates-Bold-after-fonttools-prep-gasp-TTF.ttf
$ mv /home/travis/build/fontdirectory/montserratalternates/builds/build/MontserratAlternates-Bold-after-fonttools-prep-gasp-TTF.ttf.fix /home/travis/build/fontdirectory/montserratalternates/builds/build/MontserratAlternates-Bold-after-fonttools-prep-gasp-TTF.ttf
bakery_lint.tests.downstream.test_check_font_agreements.CheckFontAgreements.test_em_is_1000(): OK
bakery_lint.tests.downstream.test_check_font_agreements.CheckFontAgreements.test_font_is_font(): OK
bakery_lint.tests.downstream.test_check_font_agreements.CheckFontAgreements.test_latin_file_exists(): FAIL
bakery_lint.tests.downstream.test_check_font_agreements.CheckFontAgreements.test_menu_file_exists(): FAIL
### Optimize TTF MontserratAlternates-Bold-after-fonttools-prep-gasp-TTF.ttf
$ ls -l 'MontserratAlternates-Bold-after-fonttools-prep-gasp-TTF.ttf'* # look at the size savings of that subset process
MontserratAlternates-Bold-after-fonttools-prep-gasp-TTF.ttf.opt: 26844 bytes
MontserratAlternates-Bold-after-fonttools-prep-gasp-TTF.ttf: 29000 bytes
$ mv /home/travis/build/fontdirectory/montserratalternates/builds/build/MontserratAlternates-Bold-after-fonttools-prep-gasp-TTF.ttf.opt /home/travis/build/fontdirectory/montserratalternates/builds/build/MontserratAlternates-Bold-after-fonttools-prep-gasp-TTF.ttf
### Autohint TTFs (ttfautohint) MontserratAlternates-Bold-after-fonttools-prep-gasp-TTF.ttf
$ ttfautohint -l 7 -r 28 -G 50 -x 13 -w "G" /home/travis/build/fontdirectory/montserratalternates/builds/build/MontserratAlternates-Bold-after-fonttools-prep-gasp-TTF.ttf '/home/travis/build/fontdirectory/montserratalternates/builds/build/MontserratAlternates-Bold-after-fonttools-prep-gasp-TTF.autohint.ttf'

$ ls -l /home/travis/build/fontdirectory/montserratalternates/builds/build/MontserratAlternates-Bold-after-fonttools-prep-gasp-TTF.*ttf # look at the size savings of that subset process
/home/travis/build/fontdirectory/montserratalternates/builds/build/MontserratAlternates-Bold-after-fonttools-prep-gasp-TTF.ttf: 26844 bytes
/home/travis/build/fontdirectory/montserratalternates/builds/build/MontserratAlternates-Bold-after-fonttools-prep-gasp-TTF.autohint.ttf: 44300 bytes
$ mv /home/travis/build/fontdirectory/montserratalternates/builds/build/MontserratAlternates-Bold-after-fonttools-prep-gasp-TTF.autohint.ttf /home/travis/build/fontdirectory/montserratalternates/builds/build/MontserratAlternates-Bold-after-fonttools-prep-gasp-TTF.ttf
### Subset TTFs (pyftsubset) MontserratAlternates-Bold-after-fonttools-prep-gasp-TTF.ttf
$ pyftsubset MontserratAlternates-Bold-after-fonttools-prep-gasp-TTF.latin
$ pyftsubset MontserratAlternates-Bold-after-fonttools-prep-gasp-TTF.menu
strippedname:/home/travis/build/fontdirectory/montserratalternates/builds/build/MontserratAlternates-Bold-after-fonttools-prep-gasp-TTF.ttf
No nbsp glyph
spaceWidth is    264
nbspWidth is     0
MontserratAlternates-Bold-after-fonttools-prep-gasp-TTF.ttf.fix made with spaceWidth and nbspWidth of 264
$ fontbakery-build-font2ttf.py sources/MontserratAlternates-Bold-backup-fonttools-prep-gasp-TTF.sfd MontserratAlternates-Bold-backup-fonttools-prep-gasp-TTF.ttf
Success: Generated OpenType-TTF (/home/travis/build/fontdirectory/montserratalternates/builds/build/MontserratAlternates-Bold-backup-fonttools-prep-gasp-TTF.ttf)
### Test MontserratAlternates-Bold-backup-fonttools-prep-gasp-TTF.ttf
$ fontbakery-check.py result MontserratAlternates-Bold-backup-fonttools-prep-gasp-TTF.ttf
bakery_lint.tests.downstream.test_names_are_ascii_only.CheckNamesAreASCIIOnly.test_check_names_are_ascii_only(): OK
bakery_lint.tests.downstream.test_gpos_table_has_kerning_info.CheckGposTableHasKerningInfo.test_gpos_table_has_kerning_info(): OK
bakery_lint.tests.downstream.test_gasp_table_value.CheckGaspTableType.test_check_gasp_table_type(): FAIL
$ fontbakery-fix-gasp.py --set=15 /home/travis/build/fontdirectory/montserratalternates/builds/build/MontserratAlternates-Bold-backup-fonttools-prep-gasp-TTF.ttf
$ mv /home/travis/build/fontdirectory/montserratalternates/builds/build/MontserratAlternates-Bold-backup-fonttools-prep-gasp-TTF.ttf.fix /home/travis/build/fontdirectory/montserratalternates/builds/build/MontserratAlternates-Bold-backup-fonttools-prep-gasp-TTF.ttf
bakery_lint.tests.downstream.test_gasp_table_value.CheckGaspTableType.test_check_gasp_table_type(): OK
$ fontbakery-fix-gasp.py --set=15 /home/travis/build/fontdirectory/montserratalternates/builds/build/MontserratAlternates-Bold-backup-fonttools-prep-gasp-TTF.ttf
$ mv /home/travis/build/fontdirectory/montserratalternates/builds/build/MontserratAlternates-Bold-backup-fonttools-prep-gasp-TTF.ttf.fix /home/travis/build/fontdirectory/montserratalternates/builds/build/MontserratAlternates-Bold-backup-fonttools-prep-gasp-TTF.ttf
The following table(s) in the font have been ignored by FontForge
  Ignoring 'DSIG' digital signature table
bakery_lint.tests.downstream.test_fontforge_validation_state.FontForgeValidateStateTest.test_allowed_numbers_paths_in_composite_glyphs(): OK
bakery_lint.tests.downstream.test_fontforge_validation_state.FontForgeValidateStateTest.test_allowed_numbers_paths_in_glyphs(): OK
bakery_lint.tests.downstream.test_fontforge_validation_state.FontForgeValidateStateTest.test_allowed_numbers_points_in_composite_glyphs(): OK
bakery_lint.tests.downstream.test_fontforge_validation_state.FontForgeValidateStateTest.test_allowed_numbers_points_in_glyphs(): OK
bakery_lint.tests.downstream.test_fontforge_validation_state.FontForgeValidateStateTest.test_duplicate_glyphs(): OK
bakery_lint.tests.downstream.test_fontforge_validation_state.FontForgeValidateStateTest.test_duplicate_unicode_codepoints(): OK
bakery_lint.tests.downstream.test_fontforge_validation_state.FontForgeValidateStateTest.test_flipped_reference_in_glyphs(): OK
bakery_lint.tests.downstream.test_fontforge_validation_state.FontForgeValidateStateTest.test_missing_anchors(): OK
bakery_lint.tests.downstream.test_fontforge_validation_state.FontForgeValidateStateTest.test_missing_extrema_in_glyphs(): FAIL
bakery_lint.tests.downstream.test_fontforge_validation_state.FontForgeValidateStateTest.test_overlapped_hints(): OK
bakery_lint.tests.downstream.test_fontforge_validation_state.FontForgeValidateStateTest.test_points_are_integer_aligned(): OK
bakery_lint.tests.downstream.test_fontforge_validation_state.FontForgeValidateStateTest.test_points_are_not_too_far_apart(): OK
bakery_lint.tests.downstream.test_fontforge_validation_state.FontForgeValidateStateTest.test_postscript_hasnt_limit_hints_in_glyphs(): OK
bakery_lint.tests.downstream.test_fontforge_validation_state.FontForgeValidateStateTest.test_postscript_hasnt_limit_points_in_glyphs(): OK
bakery_lint.tests.downstream.test_fontforge_validation_state.FontForgeValidateStateTest.test_referenced_glyphs_are_present(): OK
bakery_lint.tests.downstream.test_fontforge_validation_state.FontForgeValidateStateTest.test_valid_glyph_names(): OK
bakery_lint.tests.downstream.test_fontforge_validation_state.FontForgeValidateStateTest.test_valid_length_instructions(): OK
bakery_lint.tests.downstream.test_fontforge_validation_state.FontForgeValidateStateTest.test_validation_glyph_intersect(): OK
bakery_lint.tests.downstream.test_fontforge_validation_state.FontForgeValidateStateTest.test_validation_open_contours(): OK
bakery_lint.tests.downstream.test_fontforge_validation_state.FontForgeValidateStateTest.test_wrong_direction_in_glyphs(): OK
bakery_lint.tests.downstream.test_check_vertical_metrics.CheckVerticalLinegapMetrics.test_metrics_linegaps_are_zero(): OK
bakery_lint.tests.downstream.test_check_vertical_metrics.CheckVerticalAscentMetrics.test_metrics_ascents_equal_bbox(): FAIL
$ fontbakery-fix-vertical-metrics.py --autofix /home/travis/build/fontdirectory/montserratalternates/builds/build/MontserratAlternates-Bold-backup-fonttools-prep-gasp-TTF.ttf /home/travis/build/fontdirectory/montserratalternates/builds/build/MontserratAlternates-Bold-after-fonttools-prep-gasp-TTF.ttf /home/travis/build/fontdirectory/montserratalternates/builds/build/MontserratAlternates-Bold.ttf /home/travis/build/fontdirectory/montserratalternates/builds/build/MontserratAlternates-Regular.ttf /home/travis/build/fontdirectory/montserratalternates/builds/build/MontserratAlternates-Bold-TTF.ttf
$ mv /home/travis/build/fontdirectory/montserratalternates/builds/build/MontserratAlternates-Bold-backup-fonttools-prep-gasp-TTF.ttf.fix /home/travis/build/fontdirectory/montserratalternates/builds/build/MontserratAlternates-Bold-backup-fonttools-prep-gasp-TTF.ttf
$ mv /home/travis/build/fontdirectory/montserratalternates/builds/build/MontserratAlternates-Bold-after-fonttools-prep-gasp-TTF.ttf.fix /home/travis/build/fontdirectory/montserratalternates/builds/build/MontserratAlternates-Bold-after-fonttools-prep-gasp-TTF.ttf
$ mv /home/travis/build/fontdirectory/montserratalternates/builds/build/MontserratAlternates-Bold.ttf.fix /home/travis/build/fontdirectory/montserratalternates/builds/build/MontserratAlternates-Bold.ttf
$ mv /home/travis/build/fontdirectory/montserratalternates/builds/build/MontserratAlternates-Regular.ttf.fix /home/travis/build/fontdirectory/montserratalternates/builds/build/MontserratAlternates-Regular.ttf
$ mv /home/travis/build/fontdirectory/montserratalternates/builds/build/MontserratAlternates-Bold-TTF.ttf.fix /home/travis/build/fontdirectory/montserratalternates/builds/build/MontserratAlternates-Bold-TTF.ttf
$ fontbakery-fix-vertical-metrics.py /home/travis/build/fontdirectory/montserratalternates/builds/build/MontserratAlternates-Bold-backup-fonttools-prep-gasp-TTF.ttf /home/travis/build/fontdirectory/montserratalternates/builds/build/MontserratAlternates-Bold-after-fonttools-prep-gasp-TTF.ttf /home/travis/build/fontdirectory/montserratalternates/builds/build/MontserratAlternates-Bold.ttf /home/travis/build/fontdirectory/montserratalternates/builds/build/MontserratAlternates-Regular.ttf /home/travis/build/fontdirectory/montserratalternates/builds/build/MontserratAlternates-Bold-TTF.ttf
Parameter              MontserratAlternates-Bold-backup-fonttools-prep-gasp-TTF.ttf    MontserratAlternates-Bold-after-fonttools-prep-gasp-TTF.ttf    MontserratAlternates-Bold.ttf    MontserratAlternates-Regular.ttf    MontserratAlternates-Bold-TTF.ttf    
ymax                   948                                                             948                                                            948                              932                                 948                                  
hhea.ascent            948                                                             948                                                            948                              948                                 948                                  
OS/2.sTypoAscender     948                                                             948                                                            948                              948                                 948                                  
OS/2.usWinAscent       948                                                             948                                                            948                              948                                 948                                  
ymin                   -250                                                            -250                                                           -250                             -250                                -250                                 
hhea.descent           -250                                                            -250                                                           -250                             -250                                -250                                 
OS/2.sTypoDescender    -250                                                            -250                                                           -250                             -250                                -250                                 
OS/2.usWinDescent      250                                                             250                                                            250                              250                                 250                                  
hhea.lineGap           0                                                               0                                                              0                                0                                   0                                    
OS/2.sTypoLineGap      0                                                               0                                                              0                                0                                   0                                    
hhea total             1198                                                            1198                                                           1198                             1198                                1198                                 
typo total             1198                                                            1198                                                           1198                             1198                                1198                                 
win total              1198                                                            1198                                                           1198                             1198                                1198                                 
UPM:Heights            1000:1198                                                       1000:1198                                                      1000:1198                        1000:1182                           1000:1198                            
UPM:Heights %          119 %                                                           119 %                                                          119 %                            118 %                               119 %                                


bakery_lint.tests.downstream.test_check_vertical_metrics.CheckVerticalAscentMetrics.test_metrics_ascents_equal_bbox(): OK
bakery_lint.tests.downstream.test_check_vertical_metrics.CheckVerticalDescentMetrics.test_metrics_descents_equal_bbox(): OK
bakery_lint.tests.downstream.test_check_upm_heights_less_120.TestCheckUPMHeightsLess120.test_check_upm_heigths_less_120(): OK
bakery_lint.tests.downstream.test_check_unused_glyph_data.CheckUnusedGlyphData.test_check_unused_glyph_data(): ERROR
bakery_lint.tests.downstream.test_check_unencoded_glyph.TestFontUnencodedGlyph.test_font_unencoded_glyphs(): FAIL
$ fontbakery-fix-glyph-private-encoding.py --autofix /home/travis/build/fontdirectory/montserratalternates/builds/build/MontserratAlternates-Bold-backup-fonttools-prep-gasp-TTF.ttf
$ mv /home/travis/build/fontdirectory/montserratalternates/builds/build/MontserratAlternates-Bold-backup-fonttools-prep-gasp-TTF.ttf.fix /home/travis/build/fontdirectory/montserratalternates/builds/build/MontserratAlternates-Bold-backup-fonttools-prep-gasp-TTF.ttf
bakery_lint.tests.downstream.test_check_unencoded_glyph.TestFontUnencodedGlyph.test_font_unencoded_glyphs(): FAIL
bakery_lint.tests.downstream.test_check_panose_identification.CheckPanoseIdentification.test_check_panose_identification(): OK
bakery_lint.tests.downstream.test_check_os2_width_class.CheckOS2WidthClass.test_check_os2_width_class(): OK
bakery_lint.tests.downstream.test_check_no_problematic_formats.CheckNoProblematicFormats.test_check_no_problematic_formats(): OK
bakery_lint.tests.downstream.test_check_nbsp_width_matches_sp_width.CheckNbspWidthMatchesSpWidth.test_check_nbsp_width_matches_sp_width(): FAIL
$ fontbakery-fix-nbsp.py /home/travis/build/fontdirectory/montserratalternates/builds/build/MontserratAlternates-Bold-backup-fonttools-prep-gasp-TTF.ttf
$ mv /home/travis/build/fontdirectory/montserratalternates/builds/build/MontserratAlternates-Bold-backup-fonttools-prep-gasp-TTF.ttf.fix /home/travis/build/fontdirectory/montserratalternates/builds/build/MontserratAlternates-Bold-backup-fonttools-prep-gasp-TTF.ttf
bakery_lint.tests.downstream.test_check_nbsp_width_matches_sp_width.CheckNbspWidthMatchesSpWidth.test_check_nbsp_width_matches_sp_width(): FAIL
bakery_lint.tests.downstream.test_check_names_same_across_platforms.CheckNamesSameAcrossPlatforms.test_check_names_same_across_platforms(): OK
bakery_lint.tests.downstream.test_check_name_table_recommendation.CheckStyleNameRecommendation.test_check_stylename_is_under_recommendations(): OK
bakery_lint.tests.downstream.test_check_name_table_recommendation.CheckOTFamilyNameRecommendation.test_check_opentype_familyname(): FAIL
$ fontbakery-fix-opentype-names.py /home/travis/build/fontdirectory/montserratalternates/builds/build/MontserratAlternates-Bold-backup-fonttools-prep-gasp-TTF.ttf
$ mv /home/travis/build/fontdirectory/montserratalternates/builds/build/MontserratAlternates-Bold-backup-fonttools-prep-gasp-TTF.ttf.fix /home/travis/build/fontdirectory/montserratalternates/builds/build/MontserratAlternates-Bold-backup-fonttools-prep-gasp-TTF.ttf
bakery_lint.tests.downstream.test_check_name_table_recommendation.CheckOTFamilyNameRecommendation.test_check_opentype_familyname(): OK
bakery_lint.tests.downstream.test_check_name_table_recommendation.CheckOTStyleNameRecommendation.test_check_opentype_stylename(): OK
bakery_lint.tests.downstream.test_check_name_table_recommendation.CheckOTFullNameRecommendation.test_check_opentype_fullname(): OK
bakery_lint.tests.downstream.test_check_magic_prep_code.CheckMagicPREPByteCode.test_prep_magic_code(): FAIL
bakery_lint.tests.downstream.test_check_license_included.CheckLicenseIncluded.test_license_included_in_font_names(): OK
bakery_lint.tests.downstream.test_check_italic_angle_agreement.CheckItalicAngleAgreement.test_check_italic_angle_agreement(): OK
bakery_lint.tests.downstream.test_check_hmtx_hhea_max_advance_width_agreement.CheckHmtxHheaMaxAdvanceWidthAgreement.test_check_hmtx_hhea_max_advance_width_agreement(): OK
bakery_lint.tests.downstream.test_check_glyph_existence.CheckGlyphExistence.test_euro(): OK
bakery_lint.tests.downstream.test_check_glyph_existence.CheckGlyphExistence.test_nbsp(): OK
bakery_lint.tests.downstream.test_check_glyph_existence.CheckGlyphExistence.test_space(): OK
bakery_lint.tests.downstream.test_check_glyf_table_length.CheckGlyfTableLength.test_check_glyf_table_length(): FAIL
bakery_lint.tests.downstream.test_check_full_font_name_begins_with_family_name.CheckFullFontNameBeginsWithFamilyName.test_check_full_font_name_begins_with_family_name(): FAIL
bakery_lint.tests.downstream.test_check_fontname_matches_macstyle.CheckFontNameEqualToMacStyleFlags.test_fontname_is_equal_to_macstyle(): OK
bakery_lint.tests.downstream.test_check_font_tables.CheckFontHasDsigTable.test_check_font_has_dsig_table(): OK
bakery_lint.tests.downstream.test_check_font_tables.CheckFontHasNotKernTable.test_no_kern_table_exists(): OK
bakery_lint.tests.downstream.test_check_font_agreements.CheckFsTypeIsNotSet.test_is_fstype_not_set(): OK
$ fontbakery-fix-fstype.py --autofix /home/travis/build/fontdirectory/montserratalternates/builds/build/MontserratAlternates-Bold-backup-fonttools-prep-gasp-TTF.ttf
$ mv /home/travis/build/fontdirectory/montserratalternates/builds/build/MontserratAlternates-Bold-backup-fonttools-prep-gasp-TTF.ttf.fix /home/travis/build/fontdirectory/montserratalternates/builds/build/MontserratAlternates-Bold-backup-fonttools-prep-gasp-TTF.ttf
bakery_lint.tests.downstream.test_check_font_agreements.CheckFontAgreements.test_em_is_1000(): OK
bakery_lint.tests.downstream.test_check_font_agreements.CheckFontAgreements.test_font_is_font(): OK
bakery_lint.tests.downstream.test_check_font_agreements.CheckFontAgreements.test_latin_file_exists(): FAIL
bakery_lint.tests.downstream.test_check_font_agreements.CheckFontAgreements.test_menu_file_exists(): FAIL
### Optimize TTF MontserratAlternates-Bold-backup-fonttools-prep-gasp-TTF.ttf
$ ls -l 'MontserratAlternates-Bold-backup-fonttools-prep-gasp-TTF.ttf'* # look at the size savings of that subset process
MontserratAlternates-Bold-backup-fonttools-prep-gasp-TTF.ttf.opt: 26820 bytes
MontserratAlternates-Bold-backup-fonttools-prep-gasp-TTF.ttf: 28976 bytes
$ mv /home/travis/build/fontdirectory/montserratalternates/builds/build/MontserratAlternates-Bold-backup-fonttools-prep-gasp-TTF.ttf.opt /home/travis/build/fontdirectory/montserratalternates/builds/build/MontserratAlternates-Bold-backup-fonttools-prep-gasp-TTF.ttf
### Autohint TTFs (ttfautohint) MontserratAlternates-Bold-backup-fonttools-prep-gasp-TTF.ttf
$ ttfautohint -l 7 -r 28 -G 50 -x 13 -w "G" /home/travis/build/fontdirectory/montserratalternates/builds/build/MontserratAlternates-Bold-backup-fonttools-prep-gasp-TTF.ttf '/home/travis/build/fontdirectory/montserratalternates/builds/build/MontserratAlternates-Bold-backup-fonttools-prep-gasp-TTF.autohint.ttf'

$ ls -l /home/travis/build/fontdirectory/montserratalternates/builds/build/MontserratAlternates-Bold-backup-fonttools-prep-gasp-TTF.*ttf # look at the size savings of that subset process
/home/travis/build/fontdirectory/montserratalternates/builds/build/MontserratAlternates-Bold-backup-fonttools-prep-gasp-TTF.ttf: 26820 bytes
/home/travis/build/fontdirectory/montserratalternates/builds/build/MontserratAlternates-Bold-backup-fonttools-prep-gasp-TTF.autohint.ttf: 44300 bytes
$ mv /home/travis/build/fontdirectory/montserratalternates/builds/build/MontserratAlternates-Bold-backup-fonttools-prep-gasp-TTF.autohint.ttf /home/travis/build/fontdirectory/montserratalternates/builds/build/MontserratAlternates-Bold-backup-fonttools-prep-gasp-TTF.ttf
### Subset TTFs (pyftsubset) MontserratAlternates-Bold-backup-fonttools-prep-gasp-TTF.ttf
$ pyftsubset MontserratAlternates-Bold-backup-fonttools-prep-gasp-TTF.latin
$ pyftsubset MontserratAlternates-Bold-backup-fonttools-prep-gasp-TTF.menu
strippedname:/home/travis/build/fontdirectory/montserratalternates/builds/build/MontserratAlternates-Bold-backup-fonttools-prep-gasp-TTF.ttf
No nbsp glyph
spaceWidth is    264
nbspWidth is     0
MontserratAlternates-Bold-backup-fonttools-prep-gasp-TTF.ttf.fix made with spaceWidth and nbspWidth of 264
$ fontbakery-build-font2ttf.py sources/MontserratAlternates-Regular-TTF.sfd MontserratAlternates-Regular-TTF.ttf
Success: Generated OpenType-TTF (/home/travis/build/fontdirectory/montserratalternates/builds/build/MontserratAlternates-Regular-TTF.ttf)
### Test MontserratAlternates-Regular-TTF.ttf
$ fontbakery-check.py result MontserratAlternates-Regular-TTF.ttf
bakery_lint.tests.downstream.test_names_are_ascii_only.CheckNamesAreASCIIOnly.test_check_names_are_ascii_only(): OK
bakery_lint.tests.downstream.test_gpos_table_has_kerning_info.CheckGposTableHasKerningInfo.test_gpos_table_has_kerning_info(): OK
bakery_lint.tests.downstream.test_gasp_table_value.CheckGaspTableType.test_check_gasp_table_type(): FAIL
$ fontbakery-fix-gasp.py --set=15 /home/travis/build/fontdirectory/montserratalternates/builds/build/MontserratAlternates-Regular-TTF.ttf
$ mv /home/travis/build/fontdirectory/montserratalternates/builds/build/MontserratAlternates-Regular-TTF.ttf.fix /home/travis/build/fontdirectory/montserratalternates/builds/build/MontserratAlternates-Regular-TTF.ttf
bakery_lint.tests.downstream.test_gasp_table_value.CheckGaspTableType.test_check_gasp_table_type(): OK
$ fontbakery-fix-gasp.py --set=15 /home/travis/build/fontdirectory/montserratalternates/builds/build/MontserratAlternates-Regular-TTF.ttf
$ mv /home/travis/build/fontdirectory/montserratalternates/builds/build/MontserratAlternates-Regular-TTF.ttf.fix /home/travis/build/fontdirectory/montserratalternates/builds/build/MontserratAlternates-Regular-TTF.ttf
The following table(s) in the font have been ignored by FontForge
  Ignoring 'DSIG' digital signature table
bakery_lint.tests.downstream.test_fontforge_validation_state.FontForgeValidateStateTest.test_allowed_numbers_paths_in_composite_glyphs(): OK
bakery_lint.tests.downstream.test_fontforge_validation_state.FontForgeValidateStateTest.test_allowed_numbers_paths_in_glyphs(): OK
bakery_lint.tests.downstream.test_fontforge_validation_state.FontForgeValidateStateTest.test_allowed_numbers_points_in_composite_glyphs(): OK
bakery_lint.tests.downstream.test_fontforge_validation_state.FontForgeValidateStateTest.test_allowed_numbers_points_in_glyphs(): OK
bakery_lint.tests.downstream.test_fontforge_validation_state.FontForgeValidateStateTest.test_duplicate_glyphs(): OK
bakery_lint.tests.downstream.test_fontforge_validation_state.FontForgeValidateStateTest.test_duplicate_unicode_codepoints(): OK
bakery_lint.tests.downstream.test_fontforge_validation_state.FontForgeValidateStateTest.test_flipped_reference_in_glyphs(): OK
bakery_lint.tests.downstream.test_fontforge_validation_state.FontForgeValidateStateTest.test_missing_anchors(): OK
bakery_lint.tests.downstream.test_fontforge_validation_state.FontForgeValidateStateTest.test_missing_extrema_in_glyphs(): OK
bakery_lint.tests.downstream.test_fontforge_validation_state.FontForgeValidateStateTest.test_overlapped_hints(): OK
bakery_lint.tests.downstream.test_fontforge_validation_state.FontForgeValidateStateTest.test_points_are_integer_aligned(): OK
bakery_lint.tests.downstream.test_fontforge_validation_state.FontForgeValidateStateTest.test_points_are_not_too_far_apart(): OK
bakery_lint.tests.downstream.test_fontforge_validation_state.FontForgeValidateStateTest.test_postscript_hasnt_limit_hints_in_glyphs(): OK
bakery_lint.tests.downstream.test_fontforge_validation_state.FontForgeValidateStateTest.test_postscript_hasnt_limit_points_in_glyphs(): OK
bakery_lint.tests.downstream.test_fontforge_validation_state.FontForgeValidateStateTest.test_referenced_glyphs_are_present(): OK
bakery_lint.tests.downstream.test_fontforge_validation_state.FontForgeValidateStateTest.test_valid_glyph_names(): OK
bakery_lint.tests.downstream.test_fontforge_validation_state.FontForgeValidateStateTest.test_valid_length_instructions(): OK
bakery_lint.tests.downstream.test_fontforge_validation_state.FontForgeValidateStateTest.test_validation_glyph_intersect(): OK
bakery_lint.tests.downstream.test_fontforge_validation_state.FontForgeValidateStateTest.test_validation_open_contours(): OK
bakery_lint.tests.downstream.test_fontforge_validation_state.FontForgeValidateStateTest.test_wrong_direction_in_glyphs(): OK
bakery_lint.tests.downstream.test_check_vertical_metrics.CheckVerticalLinegapMetrics.test_metrics_linegaps_are_zero(): OK
bakery_lint.tests.downstream.test_check_vertical_metrics.CheckVerticalAscentMetrics.test_metrics_ascents_equal_bbox(): FAIL
$ fontbakery-fix-vertical-metrics.py --autofix /home/travis/build/fontdirectory/montserratalternates/builds/build/MontserratAlternates-Regular-TTF.ttf /home/travis/build/fontdirectory/montserratalternates/builds/build/MontserratAlternates-Bold-backup-fonttools-prep-gasp-TTF.ttf /home/travis/build/fontdirectory/montserratalternates/builds/build/MontserratAlternates-Bold-TTF.ttf /home/travis/build/fontdirectory/montserratalternates/builds/build/MontserratAlternates-Regular.ttf /home/travis/build/fontdirectory/montserratalternates/builds/build/MontserratAlternates-Bold.ttf /home/travis/build/fontdirectory/montserratalternates/builds/build/MontserratAlternates-Bold-after-fonttools-prep-gasp-TTF.ttf
$ mv /home/travis/build/fontdirectory/montserratalternates/builds/build/MontserratAlternates-Regular-TTF.ttf.fix /home/travis/build/fontdirectory/montserratalternates/builds/build/MontserratAlternates-Regular-TTF.ttf
$ mv /home/travis/build/fontdirectory/montserratalternates/builds/build/MontserratAlternates-Bold-backup-fonttools-prep-gasp-TTF.ttf.fix /home/travis/build/fontdirectory/montserratalternates/builds/build/MontserratAlternates-Bold-backup-fonttools-prep-gasp-TTF.ttf
$ mv /home/travis/build/fontdirectory/montserratalternates/builds/build/MontserratAlternates-Bold-TTF.ttf.fix /home/travis/build/fontdirectory/montserratalternates/builds/build/MontserratAlternates-Bold-TTF.ttf
$ mv /home/travis/build/fontdirectory/montserratalternates/builds/build/MontserratAlternates-Regular.ttf.fix /home/travis/build/fontdirectory/montserratalternates/builds/build/MontserratAlternates-Regular.ttf
$ mv /home/travis/build/fontdirectory/montserratalternates/builds/build/MontserratAlternates-Bold.ttf.fix /home/travis/build/fontdirectory/montserratalternates/builds/build/MontserratAlternates-Bold.ttf
$ mv /home/travis/build/fontdirectory/montserratalternates/builds/build/MontserratAlternates-Bold-after-fonttools-prep-gasp-TTF.ttf.fix /home/travis/build/fontdirectory/montserratalternates/builds/build/MontserratAlternates-Bold-after-fonttools-prep-gasp-TTF.ttf
$ fontbakery-fix-vertical-metrics.py /home/travis/build/fontdirectory/montserratalternates/builds/build/MontserratAlternates-Regular-TTF.ttf /home/travis/build/fontdirectory/montserratalternates/builds/build/MontserratAlternates-Bold-backup-fonttools-prep-gasp-TTF.ttf /home/travis/build/fontdirectory/montserratalternates/builds/build/MontserratAlternates-Bold-TTF.ttf /home/travis/build/fontdirectory/montserratalternates/builds/build/MontserratAlternates-Regular.ttf /home/travis/build/fontdirectory/montserratalternates/builds/build/MontserratAlternates-Bold.ttf /home/travis/build/fontdirectory/montserratalternates/builds/build/MontserratAlternates-Bold-after-fonttools-prep-gasp-TTF.ttf
Parameter              MontserratAlternates-Regular-TTF.ttf    MontserratAlternates-Bold-backup-fonttools-prep-gasp-TTF.ttf    MontserratAlternates-Bold-TTF.ttf    MontserratAlternates-Regular.ttf    MontserratAlternates-Bold.ttf    MontserratAlternates-Bold-after-fonttools-prep-gasp-TTF.ttf    
ymax                   932                                     948                                                             948                                  932                                 948                              948                                                            
hhea.ascent            948                                     948                                                             948                                  948                                 948                              948                                                            
OS/2.sTypoAscender     948                                     948                                                             948                                  948                                 948                              948                                                            
OS/2.usWinAscent       948                                     948                                                             948                                  948                                 948                              948                                                            
ymin                   -250                                    -250                                                            -250                                 -250                                -250                             -250                                                           
hhea.descent           -250                                    -250                                                            -250                                 -250                                -250                             -250                                                           
OS/2.sTypoDescender    -250                                    -250                                                            -250                                 -250                                -250                             -250                                                           
OS/2.usWinDescent      250                                     250                                                             250                                  250                                 250                              250                                                            
hhea.lineGap           0                                       0                                                               0                                    0                                   0                                0                                                              
OS/2.sTypoLineGap      0                                       0                                                               0                                    0                                   0                                0                                                              
hhea total             1198                                    1198                                                            1198                                 1198                                1198                             1198                                                           
typo total             1198                                    1198                                                            1198                                 1198                                1198                             1198                                                           
win total              1198                                    1198                                                            1198                                 1198                                1198                             1198                                                           
UPM:Heights            1000:1182                               1000:1198                                                       1000:1198                            1000:1182                           1000:1198                        1000:1198                                                      
UPM:Heights %          118 %                                   119 %                                                           119 %                                118 %                               119 %                            119 %                                                          


bakery_lint.tests.downstream.test_check_vertical_metrics.CheckVerticalAscentMetrics.test_metrics_ascents_equal_bbox(): OK
bakery_lint.tests.downstream.test_check_vertical_metrics.CheckVerticalDescentMetrics.test_metrics_descents_equal_bbox(): OK
bakery_lint.tests.downstream.test_check_upm_heights_less_120.TestCheckUPMHeightsLess120.test_check_upm_heigths_less_120(): OK
bakery_lint.tests.downstream.test_check_unused_glyph_data.CheckUnusedGlyphData.test_check_unused_glyph_data(): ERROR
bakery_lint.tests.downstream.test_check_unencoded_glyph.TestFontUnencodedGlyph.test_font_unencoded_glyphs(): FAIL
$ fontbakery-fix-glyph-private-encoding.py --autofix /home/travis/build/fontdirectory/montserratalternates/builds/build/MontserratAlternates-Regular-TTF.ttf
$ mv /home/travis/build/fontdirectory/montserratalternates/builds/build/MontserratAlternates-Regular-TTF.ttf.fix /home/travis/build/fontdirectory/montserratalternates/builds/build/MontserratAlternates-Regular-TTF.ttf
bakery_lint.tests.downstream.test_check_unencoded_glyph.TestFontUnencodedGlyph.test_font_unencoded_glyphs(): FAIL
bakery_lint.tests.downstream.test_check_panose_identification.CheckPanoseIdentification.test_check_panose_identification(): OK
bakery_lint.tests.downstream.test_check_os2_width_class.CheckOS2WidthClass.test_check_os2_width_class(): OK
bakery_lint.tests.downstream.test_check_no_problematic_formats.CheckNoProblematicFormats.test_check_no_problematic_formats(): OK
bakery_lint.tests.downstream.test_check_nbsp_width_matches_sp_width.CheckNbspWidthMatchesSpWidth.test_check_nbsp_width_matches_sp_width(): FAIL
$ fontbakery-fix-nbsp.py /home/travis/build/fontdirectory/montserratalternates/builds/build/MontserratAlternates-Regular-TTF.ttf
$ mv /home/travis/build/fontdirectory/montserratalternates/builds/build/MontserratAlternates-Regular-TTF.ttf.fix /home/travis/build/fontdirectory/montserratalternates/builds/build/MontserratAlternates-Regular-TTF.ttf
bakery_lint.tests.downstream.test_check_nbsp_width_matches_sp_width.CheckNbspWidthMatchesSpWidth.test_check_nbsp_width_matches_sp_width(): FAIL
bakery_lint.tests.downstream.test_check_names_same_across_platforms.CheckNamesSameAcrossPlatforms.test_check_names_same_across_platforms(): OK
bakery_lint.tests.downstream.test_check_name_table_recommendation.CheckStyleNameRecommendation.test_check_stylename_is_under_recommendations(): OK
bakery_lint.tests.downstream.test_check_name_table_recommendation.CheckOTFamilyNameRecommendation.test_check_opentype_familyname(): FAIL
$ fontbakery-fix-opentype-names.py /home/travis/build/fontdirectory/montserratalternates/builds/build/MontserratAlternates-Regular-TTF.ttf
$ mv /home/travis/build/fontdirectory/montserratalternates/builds/build/MontserratAlternates-Regular-TTF.ttf.fix /home/travis/build/fontdirectory/montserratalternates/builds/build/MontserratAlternates-Regular-TTF.ttf
bakery_lint.tests.downstream.test_check_name_table_recommendation.CheckOTFamilyNameRecommendation.test_check_opentype_familyname(): OK
bakery_lint.tests.downstream.test_check_name_table_recommendation.CheckOTStyleNameRecommendation.test_check_opentype_stylename(): OK
bakery_lint.tests.downstream.test_check_name_table_recommendation.CheckOTFullNameRecommendation.test_check_opentype_fullname(): OK
bakery_lint.tests.downstream.test_check_magic_prep_code.CheckMagicPREPByteCode.test_prep_magic_code(): FAIL
bakery_lint.tests.downstream.test_check_license_included.CheckLicenseIncluded.test_license_included_in_font_names(): OK
bakery_lint.tests.downstream.test_check_italic_angle_agreement.CheckItalicAngleAgreement.test_check_italic_angle_agreement(): OK
bakery_lint.tests.downstream.test_check_hmtx_hhea_max_advance_width_agreement.CheckHmtxHheaMaxAdvanceWidthAgreement.test_check_hmtx_hhea_max_advance_width_agreement(): OK
bakery_lint.tests.downstream.test_check_glyph_existence.CheckGlyphExistence.test_euro(): OK
bakery_lint.tests.downstream.test_check_glyph_existence.CheckGlyphExistence.test_nbsp(): OK
bakery_lint.tests.downstream.test_check_glyph_existence.CheckGlyphExistence.test_space(): OK
bakery_lint.tests.downstream.test_check_glyf_table_length.CheckGlyfTableLength.test_check_glyf_table_length(): FAIL
bakery_lint.tests.downstream.test_check_full_font_name_begins_with_family_name.CheckFullFontNameBeginsWithFamilyName.test_check_full_font_name_begins_with_family_name(): FAIL
bakery_lint.tests.downstream.test_check_fontname_matches_macstyle.CheckFontNameEqualToMacStyleFlags.test_fontname_is_equal_to_macstyle(): OK
bakery_lint.tests.downstream.test_check_font_tables.CheckFontHasDsigTable.test_check_font_has_dsig_table(): OK
bakery_lint.tests.downstream.test_check_font_tables.CheckFontHasNotKernTable.test_no_kern_table_exists(): OK
bakery_lint.tests.downstream.test_check_font_agreements.CheckFsTypeIsNotSet.test_is_fstype_not_set(): OK
$ fontbakery-fix-fstype.py --autofix /home/travis/build/fontdirectory/montserratalternates/builds/build/MontserratAlternates-Regular-TTF.ttf
$ mv /home/travis/build/fontdirectory/montserratalternates/builds/build/MontserratAlternates-Regular-TTF.ttf.fix /home/travis/build/fontdirectory/montserratalternates/builds/build/MontserratAlternates-Regular-TTF.ttf
bakery_lint.tests.downstream.test_check_font_agreements.CheckFontAgreements.test_em_is_1000(): OK
bakery_lint.tests.downstream.test_check_font_agreements.CheckFontAgreements.test_font_is_font(): OK
bakery_lint.tests.downstream.test_check_font_agreements.CheckFontAgreements.test_latin_file_exists(): FAIL
bakery_lint.tests.downstream.test_check_font_agreements.CheckFontAgreements.test_menu_file_exists(): FAIL
### Optimize TTF MontserratAlternates-Regular-TTF.ttf
$ ls -l 'MontserratAlternates-Regular-TTF.ttf'* # look at the size savings of that subset process
MontserratAlternates-Regular-TTF.ttf.opt: 25248 bytes
MontserratAlternates-Regular-TTF.ttf: 27396 bytes
$ mv /home/travis/build/fontdirectory/montserratalternates/builds/build/MontserratAlternates-Regular-TTF.ttf.opt /home/travis/build/fontdirectory/montserratalternates/builds/build/MontserratAlternates-Regular-TTF.ttf
### Autohint TTFs (ttfautohint) MontserratAlternates-Regular-TTF.ttf
$ ttfautohint -l 7 -r 28 -G 50 -x 13 -w "G" /home/travis/build/fontdirectory/montserratalternates/builds/build/MontserratAlternates-Regular-TTF.ttf '/home/travis/build/fontdirectory/montserratalternates/builds/build/MontserratAlternates-Regular-TTF.autohint.ttf'

$ ls -l /home/travis/build/fontdirectory/montserratalternates/builds/build/MontserratAlternates-Regular-TTF.*ttf # look at the size savings of that subset process
/home/travis/build/fontdirectory/montserratalternates/builds/build/MontserratAlternates-Regular-TTF.ttf: 25248 bytes
/home/travis/build/fontdirectory/montserratalternates/builds/build/MontserratAlternates-Regular-TTF.autohint.ttf: 43588 bytes
$ mv /home/travis/build/fontdirectory/montserratalternates/builds/build/MontserratAlternates-Regular-TTF.autohint.ttf /home/travis/build/fontdirectory/montserratalternates/builds/build/MontserratAlternates-Regular-TTF.ttf
### Subset TTFs (pyftsubset) MontserratAlternates-Regular-TTF.ttf
$ pyftsubset MontserratAlternates-Regular-TTF.latin
$ pyftsubset MontserratAlternates-Regular-TTF.menu
strippedname:/home/travis/build/fontdirectory/montserratalternates/builds/build/MontserratAlternates-Regular-TTF.ttf
No nbsp glyph
spaceWidth is    274
nbspWidth is     0
MontserratAlternates-Regular-TTF.ttf.fix made with spaceWidth and nbspWidth of 274
$ fontbakery-build-font2ttf.py sources/MontserratAlternates-Regular-after-fonttools-prep-gasp-TTF.sfd MontserratAlternates-Regular-after-fonttools-prep-gasp-TTF.ttf
Success: Generated OpenType-TTF (/home/travis/build/fontdirectory/montserratalternates/builds/build/MontserratAlternates-Regular-after-fonttools-prep-gasp-TTF.ttf)
### Test MontserratAlternates-Regular-after-fonttools-prep-gasp-TTF.ttf
$ fontbakery-check.py result MontserratAlternates-Regular-after-fonttools-prep-gasp-TTF.ttf
bakery_lint.tests.downstream.test_names_are_ascii_only.CheckNamesAreASCIIOnly.test_check_names_are_ascii_only(): OK
bakery_lint.tests.downstream.test_gpos_table_has_kerning_info.CheckGposTableHasKerningInfo.test_gpos_table_has_kerning_info(): OK
bakery_lint.tests.downstream.test_gasp_table_value.CheckGaspTableType.test_check_gasp_table_type(): OK
$ fontbakery-fix-gasp.py --set=15 /home/travis/build/fontdirectory/montserratalternates/builds/build/MontserratAlternates-Regular-after-fonttools-prep-gasp-TTF.ttf
$ mv /home/travis/build/fontdirectory/montserratalternates/builds/build/MontserratAlternates-Regular-after-fonttools-prep-gasp-TTF.ttf.fix /home/travis/build/fontdirectory/montserratalternates/builds/build/MontserratAlternates-Regular-after-fonttools-prep-gasp-TTF.ttf
The following table(s) in the font have been ignored by FontForge
  Ignoring 'DSIG' digital signature table
bakery_lint.tests.downstream.test_fontforge_validation_state.FontForgeValidateStateTest.test_allowed_numbers_paths_in_composite_glyphs(): OK
bakery_lint.tests.downstream.test_fontforge_validation_state.FontForgeValidateStateTest.test_allowed_numbers_paths_in_glyphs(): OK
bakery_lint.tests.downstream.test_fontforge_validation_state.FontForgeValidateStateTest.test_allowed_numbers_points_in_composite_glyphs(): OK
bakery_lint.tests.downstream.test_fontforge_validation_state.FontForgeValidateStateTest.test_allowed_numbers_points_in_glyphs(): OK
bakery_lint.tests.downstream.test_fontforge_validation_state.FontForgeValidateStateTest.test_duplicate_glyphs(): OK
bakery_lint.tests.downstream.test_fontforge_validation_state.FontForgeValidateStateTest.test_duplicate_unicode_codepoints(): OK
bakery_lint.tests.downstream.test_fontforge_validation_state.FontForgeValidateStateTest.test_flipped_reference_in_glyphs(): OK
bakery_lint.tests.downstream.test_fontforge_validation_state.FontForgeValidateStateTest.test_missing_anchors(): OK
bakery_lint.tests.downstream.test_fontforge_validation_state.FontForgeValidateStateTest.test_missing_extrema_in_glyphs(): OK
bakery_lint.tests.downstream.test_fontforge_validation_state.FontForgeValidateStateTest.test_overlapped_hints(): OK
bakery_lint.tests.downstream.test_fontforge_validation_state.FontForgeValidateStateTest.test_points_are_integer_aligned(): OK
bakery_lint.tests.downstream.test_fontforge_validation_state.FontForgeValidateStateTest.test_points_are_not_too_far_apart(): OK
bakery_lint.tests.downstream.test_fontforge_validation_state.FontForgeValidateStateTest.test_postscript_hasnt_limit_hints_in_glyphs(): OK
bakery_lint.tests.downstream.test_fontforge_validation_state.FontForgeValidateStateTest.test_postscript_hasnt_limit_points_in_glyphs(): OK
bakery_lint.tests.downstream.test_fontforge_validation_state.FontForgeValidateStateTest.test_referenced_glyphs_are_present(): OK
bakery_lint.tests.downstream.test_fontforge_validation_state.FontForgeValidateStateTest.test_valid_glyph_names(): OK
bakery_lint.tests.downstream.test_fontforge_validation_state.FontForgeValidateStateTest.test_valid_length_instructions(): OK
bakery_lint.tests.downstream.test_fontforge_validation_state.FontForgeValidateStateTest.test_validation_glyph_intersect(): OK
bakery_lint.tests.downstream.test_fontforge_validation_state.FontForgeValidateStateTest.test_validation_open_contours(): OK
bakery_lint.tests.downstream.test_fontforge_validation_state.FontForgeValidateStateTest.test_wrong_direction_in_glyphs(): OK
bakery_lint.tests.downstream.test_check_vertical_metrics.CheckVerticalLinegapMetrics.test_metrics_linegaps_are_zero(): OK
bakery_lint.tests.downstream.test_check_vertical_metrics.CheckVerticalAscentMetrics.test_metrics_ascents_equal_bbox(): FAIL
$ fontbakery-fix-vertical-metrics.py --autofix /home/travis/build/fontdirectory/montserratalternates/builds/build/MontserratAlternates-Regular-after-fonttools-prep-gasp-TTF.ttf /home/travis/build/fontdirectory/montserratalternates/builds/build/MontserratAlternates-Regular-TTF.ttf /home/travis/build/fontdirectory/montserratalternates/builds/build/MontserratAlternates-Bold-after-fonttools-prep-gasp-TTF.ttf /home/travis/build/fontdirectory/montserratalternates/builds/build/MontserratAlternates-Bold.ttf /home/travis/build/fontdirectory/montserratalternates/builds/build/MontserratAlternates-Regular.ttf /home/travis/build/fontdirectory/montserratalternates/builds/build/MontserratAlternates-Bold-TTF.ttf /home/travis/build/fontdirectory/montserratalternates/builds/build/MontserratAlternates-Bold-backup-fonttools-prep-gasp-TTF.ttf
$ mv /home/travis/build/fontdirectory/montserratalternates/builds/build/MontserratAlternates-Regular-after-fonttools-prep-gasp-TTF.ttf.fix /home/travis/build/fontdirectory/montserratalternates/builds/build/MontserratAlternates-Regular-after-fonttools-prep-gasp-TTF.ttf
$ mv /home/travis/build/fontdirectory/montserratalternates/builds/build/MontserratAlternates-Regular-TTF.ttf.fix /home/travis/build/fontdirectory/montserratalternates/builds/build/MontserratAlternates-Regular-TTF.ttf
$ mv /home/travis/build/fontdirectory/montserratalternates/builds/build/MontserratAlternates-Bold-after-fonttools-prep-gasp-TTF.ttf.fix /home/travis/build/fontdirectory/montserratalternates/builds/build/MontserratAlternates-Bold-after-fonttools-prep-gasp-TTF.ttf
$ mv /home/travis/build/fontdirectory/montserratalternates/builds/build/MontserratAlternates-Bold.ttf.fix /home/travis/build/fontdirectory/montserratalternates/builds/build/MontserratAlternates-Bold.ttf
$ mv /home/travis/build/fontdirectory/montserratalternates/builds/build/MontserratAlternates-Regular.ttf.fix /home/travis/build/fontdirectory/montserratalternates/builds/build/MontserratAlternates-Regular.ttf
$ mv /home/travis/build/fontdirectory/montserratalternates/builds/build/MontserratAlternates-Bold-TTF.ttf.fix /home/travis/build/fontdirectory/montserratalternates/builds/build/MontserratAlternates-Bold-TTF.ttf
$ mv /home/travis/build/fontdirectory/montserratalternates/builds/build/MontserratAlternates-Bold-backup-fonttools-prep-gasp-TTF.ttf.fix /home/travis/build/fontdirectory/montserratalternates/builds/build/MontserratAlternates-Bold-backup-fonttools-prep-gasp-TTF.ttf
$ fontbakery-fix-vertical-metrics.py /home/travis/build/fontdirectory/montserratalternates/builds/build/MontserratAlternates-Regular-after-fonttools-prep-gasp-TTF.ttf /home/travis/build/fontdirectory/montserratalternates/builds/build/MontserratAlternates-Regular-TTF.ttf /home/travis/build/fontdirectory/montserratalternates/builds/build/MontserratAlternates-Bold-after-fonttools-prep-gasp-TTF.ttf /home/travis/build/fontdirectory/montserratalternates/builds/build/MontserratAlternates-Bold.ttf /home/travis/build/fontdirectory/montserratalternates/builds/build/MontserratAlternates-Regular.ttf /home/travis/build/fontdirectory/montserratalternates/builds/build/MontserratAlternates-Bold-TTF.ttf /home/travis/build/fontdirectory/montserratalternates/builds/build/MontserratAlternates-Bold-backup-fonttools-prep-gasp-TTF.ttf
Parameter              MontserratAlternates-Regular-after-fonttools-prep-gasp-TTF.ttf    MontserratAlternates-Regular-TTF.ttf    MontserratAlternates-Bold-after-fonttools-prep-gasp-TTF.ttf    MontserratAlternates-Bold.ttf    MontserratAlternates-Regular.ttf    MontserratAlternates-Bold-TTF.ttf    MontserratAlternates-Bold-backup-fonttools-prep-gasp-TTF.ttf    
ymax                   932                                                               932                                     948                                                            948                              932                                 948                                  948                                                             
hhea.ascent            948                                                               948                                     948                                                            948                              948                                 948                                  948                                                             
OS/2.sTypoAscender     948                                                               948                                     948                                                            948                              948                                 948                                  948                                                             
OS/2.usWinAscent       948                                                               948                                     948                                                            948                              948                                 948                                  948                                                             
ymin                   -250                                                              -250                                    -250                                                           -250                             -250                                -250                                 -250                                                            
hhea.descent           -250                                                              -250                                    -250                                                           -250                             -250                                -250                                 -250                                                            
OS/2.sTypoDescender    -250                                                              -250                                    -250                                                           -250                             -250                                -250                                 -250                                                            
OS/2.usWinDescent      250                                                               250                                     250                                                            250                              250                                 250                                  250                                                             
hhea.lineGap           0                                                                 0                                       0                                                              0                                0                                   0                                    0                                                               
OS/2.sTypoLineGap      0                                                                 0                                       0                                                              0                                0                                   0                                    0                                                               
hhea total             1198                                                              1198                                    1198                                                           1198                             1198                                1198                                 1198                                                            
typo total             1198                                                              1198                                    1198                                                           1198                             1198                                1198                                 1198                                                            
win total              1198                                                              1198                                    1198                                                           1198                             1198                                1198                                 1198                                                            
UPM:Heights            1000:1182                                                         1000:1182                               1000:1198                                                      1000:1198                        1000:1182                           1000:1198                            1000:1198                                                       
UPM:Heights %          118 %                                                             118 %                                   119 %                                                          119 %                            118 %                               119 %                                119 %                                                           


bakery_lint.tests.downstream.test_check_vertical_metrics.CheckVerticalAscentMetrics.test_metrics_ascents_equal_bbox(): OK
bakery_lint.tests.downstream.test_check_vertical_metrics.CheckVerticalDescentMetrics.test_metrics_descents_equal_bbox(): OK
bakery_lint.tests.downstream.test_check_upm_heights_less_120.TestCheckUPMHeightsLess120.test_check_upm_heigths_less_120(): OK
bakery_lint.tests.downstream.test_check_unused_glyph_data.CheckUnusedGlyphData.test_check_unused_glyph_data(): ERROR
bakery_lint.tests.downstream.test_check_unencoded_glyph.TestFontUnencodedGlyph.test_font_unencoded_glyphs(): FAIL
$ fontbakery-fix-glyph-private-encoding.py --autofix /home/travis/build/fontdirectory/montserratalternates/builds/build/MontserratAlternates-Regular-after-fonttools-prep-gasp-TTF.ttf
$ mv /home/travis/build/fontdirectory/montserratalternates/builds/build/MontserratAlternates-Regular-after-fonttools-prep-gasp-TTF.ttf.fix /home/travis/build/fontdirectory/montserratalternates/builds/build/MontserratAlternates-Regular-after-fonttools-prep-gasp-TTF.ttf
bakery_lint.tests.downstream.test_check_unencoded_glyph.TestFontUnencodedGlyph.test_font_unencoded_glyphs(): FAIL
bakery_lint.tests.downstream.test_check_panose_identification.CheckPanoseIdentification.test_check_panose_identification(): OK
bakery_lint.tests.downstream.test_check_os2_width_class.CheckOS2WidthClass.test_check_os2_width_class(): OK
bakery_lint.tests.downstream.test_check_no_problematic_formats.CheckNoProblematicFormats.test_check_no_problematic_formats(): OK
bakery_lint.tests.downstream.test_check_nbsp_width_matches_sp_width.CheckNbspWidthMatchesSpWidth.test_check_nbsp_width_matches_sp_width(): FAIL
$ fontbakery-fix-nbsp.py /home/travis/build/fontdirectory/montserratalternates/builds/build/MontserratAlternates-Regular-after-fonttools-prep-gasp-TTF.ttf
$ mv /home/travis/build/fontdirectory/montserratalternates/builds/build/MontserratAlternates-Regular-after-fonttools-prep-gasp-TTF.ttf.fix /home/travis/build/fontdirectory/montserratalternates/builds/build/MontserratAlternates-Regular-after-fonttools-prep-gasp-TTF.ttf
bakery_lint.tests.downstream.test_check_nbsp_width_matches_sp_width.CheckNbspWidthMatchesSpWidth.test_check_nbsp_width_matches_sp_width(): FAIL
bakery_lint.tests.downstream.test_check_names_same_across_platforms.CheckNamesSameAcrossPlatforms.test_check_names_same_across_platforms(): OK
bakery_lint.tests.downstream.test_check_name_table_recommendation.CheckStyleNameRecommendation.test_check_stylename_is_under_recommendations(): OK
bakery_lint.tests.downstream.test_check_name_table_recommendation.CheckOTFamilyNameRecommendation.test_check_opentype_familyname(): FAIL
$ fontbakery-fix-opentype-names.py /home/travis/build/fontdirectory/montserratalternates/builds/build/MontserratAlternates-Regular-after-fonttools-prep-gasp-TTF.ttf
$ mv /home/travis/build/fontdirectory/montserratalternates/builds/build/MontserratAlternates-Regular-after-fonttools-prep-gasp-TTF.ttf.fix /home/travis/build/fontdirectory/montserratalternates/builds/build/MontserratAlternates-Regular-after-fonttools-prep-gasp-TTF.ttf
bakery_lint.tests.downstream.test_check_name_table_recommendation.CheckOTFamilyNameRecommendation.test_check_opentype_familyname(): OK
bakery_lint.tests.downstream.test_check_name_table_recommendation.CheckOTStyleNameRecommendation.test_check_opentype_stylename(): OK
bakery_lint.tests.downstream.test_check_name_table_recommendation.CheckOTFullNameRecommendation.test_check_opentype_fullname(): OK
bakery_lint.tests.downstream.test_check_magic_prep_code.CheckMagicPREPByteCode.test_prep_magic_code(): OK
bakery_lint.tests.downstream.test_check_license_included.CheckLicenseIncluded.test_license_included_in_font_names(): OK
bakery_lint.tests.downstream.test_check_italic_angle_agreement.CheckItalicAngleAgreement.test_check_italic_angle_agreement(): OK
bakery_lint.tests.downstream.test_check_hmtx_hhea_max_advance_width_agreement.CheckHmtxHheaMaxAdvanceWidthAgreement.test_check_hmtx_hhea_max_advance_width_agreement(): OK
bakery_lint.tests.downstream.test_check_glyph_existence.CheckGlyphExistence.test_euro(): OK
bakery_lint.tests.downstream.test_check_glyph_existence.CheckGlyphExistence.test_nbsp(): OK
bakery_lint.tests.downstream.test_check_glyph_existence.CheckGlyphExistence.test_space(): OK
bakery_lint.tests.downstream.test_check_glyf_table_length.CheckGlyfTableLength.test_check_glyf_table_length(): FAIL
bakery_lint.tests.downstream.test_check_full_font_name_begins_with_family_name.CheckFullFontNameBeginsWithFamilyName.test_check_full_font_name_begins_with_family_name(): FAIL
bakery_lint.tests.downstream.test_check_fontname_matches_macstyle.CheckFontNameEqualToMacStyleFlags.test_fontname_is_equal_to_macstyle(): OK
bakery_lint.tests.downstream.test_check_font_tables.CheckFontHasDsigTable.test_check_font_has_dsig_table(): OK
bakery_lint.tests.downstream.test_check_font_tables.CheckFontHasNotKernTable.test_no_kern_table_exists(): OK
bakery_lint.tests.downstream.test_check_font_agreements.CheckFsTypeIsNotSet.test_is_fstype_not_set(): OK
$ fontbakery-fix-fstype.py --autofix /home/travis/build/fontdirectory/montserratalternates/builds/build/MontserratAlternates-Regular-after-fonttools-prep-gasp-TTF.ttf
$ mv /home/travis/build/fontdirectory/montserratalternates/builds/build/MontserratAlternates-Regular-after-fonttools-prep-gasp-TTF.ttf.fix /home/travis/build/fontdirectory/montserratalternates/builds/build/MontserratAlternates-Regular-after-fonttools-prep-gasp-TTF.ttf
bakery_lint.tests.downstream.test_check_font_agreements.CheckFontAgreements.test_em_is_1000(): OK
bakery_lint.tests.downstream.test_check_font_agreements.CheckFontAgreements.test_font_is_font(): OK
bakery_lint.tests.downstream.test_check_font_agreements.CheckFontAgreements.test_latin_file_exists(): FAIL
bakery_lint.tests.downstream.test_check_font_agreements.CheckFontAgreements.test_menu_file_exists(): FAIL
### Optimize TTF MontserratAlternates-Regular-after-fonttools-prep-gasp-TTF.ttf
$ ls -l 'MontserratAlternates-Regular-after-fonttools-prep-gasp-TTF.ttf'* # look at the size savings of that subset process
MontserratAlternates-Regular-after-fonttools-prep-gasp-TTF.ttf.opt: 25272 bytes
MontserratAlternates-Regular-after-fonttools-prep-gasp-TTF.ttf: 27420 bytes
$ mv /home/travis/build/fontdirectory/montserratalternates/builds/build/MontserratAlternates-Regular-after-fonttools-prep-gasp-TTF.ttf.opt /home/travis/build/fontdirectory/montserratalternates/builds/build/MontserratAlternates-Regular-after-fonttools-prep-gasp-TTF.ttf
### Autohint TTFs (ttfautohint) MontserratAlternates-Regular-after-fonttools-prep-gasp-TTF.ttf
$ ttfautohint -l 7 -r 28 -G 50 -x 13 -w "G" /home/travis/build/fontdirectory/montserratalternates/builds/build/MontserratAlternates-Regular-after-fonttools-prep-gasp-TTF.ttf '/home/travis/build/fontdirectory/montserratalternates/builds/build/MontserratAlternates-Regular-after-fonttools-prep-gasp-TTF.autohint.ttf'

$ ls -l /home/travis/build/fontdirectory/montserratalternates/builds/build/MontserratAlternates-Regular-after-fonttools-prep-gasp-TTF.*ttf # look at the size savings of that subset process
/home/travis/build/fontdirectory/montserratalternates/builds/build/MontserratAlternates-Regular-after-fonttools-prep-gasp-TTF.ttf: 25272 bytes
/home/travis/build/fontdirectory/montserratalternates/builds/build/MontserratAlternates-Regular-after-fonttools-prep-gasp-TTF.autohint.ttf: 43588 bytes
$ mv /home/travis/build/fontdirectory/montserratalternates/builds/build/MontserratAlternates-Regular-after-fonttools-prep-gasp-TTF.autohint.ttf /home/travis/build/fontdirectory/montserratalternates/builds/build/MontserratAlternates-Regular-after-fonttools-prep-gasp-TTF.ttf
### Subset TTFs (pyftsubset) MontserratAlternates-Regular-after-fonttools-prep-gasp-TTF.ttf
$ pyftsubset MontserratAlternates-Regular-after-fonttools-prep-gasp-TTF.latin
$ pyftsubset MontserratAlternates-Regular-after-fonttools-prep-gasp-TTF.menu
strippedname:/home/travis/build/fontdirectory/montserratalternates/builds/build/MontserratAlternates-Regular-after-fonttools-prep-gasp-TTF.ttf
No nbsp glyph
spaceWidth is    274
nbspWidth is     0
MontserratAlternates-Regular-after-fonttools-prep-gasp-TTF.ttf.fix made with spaceWidth and nbspWidth of 274
$ fontbakery-build-font2ttf.py sources/MontserratAlternates-Regular-backup-fonttools-prep-gasp-TTF.sfd MontserratAlternates-Regular-backup-fonttools-prep-gasp-TTF.ttf
Success: Generated OpenType-TTF (/home/travis/build/fontdirectory/montserratalternates/builds/build/MontserratAlternates-Regular-backup-fonttools-prep-gasp-TTF.ttf)
### Test MontserratAlternates-Regular-backup-fonttools-prep-gasp-TTF.ttf
$ fontbakery-check.py result MontserratAlternates-Regular-backup-fonttools-prep-gasp-TTF.ttf
bakery_lint.tests.downstream.test_names_are_ascii_only.CheckNamesAreASCIIOnly.test_check_names_are_ascii_only(): OK
bakery_lint.tests.downstream.test_gpos_table_has_kerning_info.CheckGposTableHasKerningInfo.test_gpos_table_has_kerning_info(): OK
bakery_lint.tests.downstream.test_gasp_table_value.CheckGaspTableType.test_check_gasp_table_type(): FAIL
$ fontbakery-fix-gasp.py --set=15 /home/travis/build/fontdirectory/montserratalternates/builds/build/MontserratAlternates-Regular-backup-fonttools-prep-gasp-TTF.ttf
$ mv /home/travis/build/fontdirectory/montserratalternates/builds/build/MontserratAlternates-Regular-backup-fonttools-prep-gasp-TTF.ttf.fix /home/travis/build/fontdirectory/montserratalternates/builds/build/MontserratAlternates-Regular-backup-fonttools-prep-gasp-TTF.ttf
bakery_lint.tests.downstream.test_gasp_table_value.CheckGaspTableType.test_check_gasp_table_type(): OK
$ fontbakery-fix-gasp.py --set=15 /home/travis/build/fontdirectory/montserratalternates/builds/build/MontserratAlternates-Regular-backup-fonttools-prep-gasp-TTF.ttf
$ mv /home/travis/build/fontdirectory/montserratalternates/builds/build/MontserratAlternates-Regular-backup-fonttools-prep-gasp-TTF.ttf.fix /home/travis/build/fontdirectory/montserratalternates/builds/build/MontserratAlternates-Regular-backup-fonttools-prep-gasp-TTF.ttf
The following table(s) in the font have been ignored by FontForge
  Ignoring 'DSIG' digital signature table
bakery_lint.tests.downstream.test_fontforge_validation_state.FontForgeValidateStateTest.test_allowed_numbers_paths_in_composite_glyphs(): OK
bakery_lint.tests.downstream.test_fontforge_validation_state.FontForgeValidateStateTest.test_allowed_numbers_paths_in_glyphs(): OK
bakery_lint.tests.downstream.test_fontforge_validation_state.FontForgeValidateStateTest.test_allowed_numbers_points_in_composite_glyphs(): OK
bakery_lint.tests.downstream.test_fontforge_validation_state.FontForgeValidateStateTest.test_allowed_numbers_points_in_glyphs(): OK
bakery_lint.tests.downstream.test_fontforge_validation_state.FontForgeValidateStateTest.test_duplicate_glyphs(): OK
bakery_lint.tests.downstream.test_fontforge_validation_state.FontForgeValidateStateTest.test_duplicate_unicode_codepoints(): OK
bakery_lint.tests.downstream.test_fontforge_validation_state.FontForgeValidateStateTest.test_flipped_reference_in_glyphs(): OK
bakery_lint.tests.downstream.test_fontforge_validation_state.FontForgeValidateStateTest.test_missing_anchors(): OK
bakery_lint.tests.downstream.test_fontforge_validation_state.FontForgeValidateStateTest.test_missing_extrema_in_glyphs(): OK
bakery_lint.tests.downstream.test_fontforge_validation_state.FontForgeValidateStateTest.test_overlapped_hints(): OK
bakery_lint.tests.downstream.test_fontforge_validation_state.FontForgeValidateStateTest.test_points_are_integer_aligned(): OK
bakery_lint.tests.downstream.test_fontforge_validation_state.FontForgeValidateStateTest.test_points_are_not_too_far_apart(): OK
bakery_lint.tests.downstream.test_fontforge_validation_state.FontForgeValidateStateTest.test_postscript_hasnt_limit_hints_in_glyphs(): OK
bakery_lint.tests.downstream.test_fontforge_validation_state.FontForgeValidateStateTest.test_postscript_hasnt_limit_points_in_glyphs(): OK
bakery_lint.tests.downstream.test_fontforge_validation_state.FontForgeValidateStateTest.test_referenced_glyphs_are_present(): OK
bakery_lint.tests.downstream.test_fontforge_validation_state.FontForgeValidateStateTest.test_valid_glyph_names(): OK
bakery_lint.tests.downstream.test_fontforge_validation_state.FontForgeValidateStateTest.test_valid_length_instructions(): OK
bakery_lint.tests.downstream.test_fontforge_validation_state.FontForgeValidateStateTest.test_validation_glyph_intersect(): OK
bakery_lint.tests.downstream.test_fontforge_validation_state.FontForgeValidateStateTest.test_validation_open_contours(): OK
bakery_lint.tests.downstream.test_fontforge_validation_state.FontForgeValidateStateTest.test_wrong_direction_in_glyphs(): OK
bakery_lint.tests.downstream.test_check_vertical_metrics.CheckVerticalLinegapMetrics.test_metrics_linegaps_are_zero(): OK
bakery_lint.tests.downstream.test_check_vertical_metrics.CheckVerticalAscentMetrics.test_metrics_ascents_equal_bbox(): FAIL
$ fontbakery-fix-vertical-metrics.py --autofix /home/travis/build/fontdirectory/montserratalternates/builds/build/MontserratAlternates-Regular-backup-fonttools-prep-gasp-TTF.ttf /home/travis/build/fontdirectory/montserratalternates/builds/build/MontserratAlternates-Regular-after-fonttools-prep-gasp-TTF.ttf /home/travis/build/fontdirectory/montserratalternates/builds/build/MontserratAlternates-Bold-backup-fonttools-prep-gasp-TTF.ttf /home/travis/build/fontdirectory/montserratalternates/builds/build/MontserratAlternates-Bold-TTF.ttf /home/travis/build/fontdirectory/montserratalternates/builds/build/MontserratAlternates-Regular.ttf /home/travis/build/fontdirectory/montserratalternates/builds/build/MontserratAlternates-Bold.ttf /home/travis/build/fontdirectory/montserratalternates/builds/build/MontserratAlternates-Bold-after-fonttools-prep-gasp-TTF.ttf /home/travis/build/fontdirectory/montserratalternates/builds/build/MontserratAlternates-Regular-TTF.ttf
$ mv /home/travis/build/fontdirectory/montserratalternates/builds/build/MontserratAlternates-Regular-backup-fonttools-prep-gasp-TTF.ttf.fix /home/travis/build/fontdirectory/montserratalternates/builds/build/MontserratAlternates-Regular-backup-fonttools-prep-gasp-TTF.ttf
$ mv /home/travis/build/fontdirectory/montserratalternates/builds/build/MontserratAlternates-Regular-after-fonttools-prep-gasp-TTF.ttf.fix /home/travis/build/fontdirectory/montserratalternates/builds/build/MontserratAlternates-Regular-after-fonttools-prep-gasp-TTF.ttf
$ mv /home/travis/build/fontdirectory/montserratalternates/builds/build/MontserratAlternates-Bold-backup-fonttools-prep-gasp-TTF.ttf.fix /home/travis/build/fontdirectory/montserratalternates/builds/build/MontserratAlternates-Bold-backup-fonttools-prep-gasp-TTF.ttf
$ mv /home/travis/build/fontdirectory/montserratalternates/builds/build/MontserratAlternates-Bold-TTF.ttf.fix /home/travis/build/fontdirectory/montserratalternates/builds/build/MontserratAlternates-Bold-TTF.ttf
$ mv /home/travis/build/fontdirectory/montserratalternates/builds/build/MontserratAlternates-Regular.ttf.fix /home/travis/build/fontdirectory/montserratalternates/builds/build/MontserratAlternates-Regular.ttf
$ mv /home/travis/build/fontdirectory/montserratalternates/builds/build/MontserratAlternates-Bold.ttf.fix /home/travis/build/fontdirectory/montserratalternates/builds/build/MontserratAlternates-Bold.ttf
$ mv /home/travis/build/fontdirectory/montserratalternates/builds/build/MontserratAlternates-Bold-after-fonttools-prep-gasp-TTF.ttf.fix /home/travis/build/fontdirectory/montserratalternates/builds/build/MontserratAlternates-Bold-after-fonttools-prep-gasp-TTF.ttf
$ mv /home/travis/build/fontdirectory/montserratalternates/builds/build/MontserratAlternates-Regular-TTF.ttf.fix /home/travis/build/fontdirectory/montserratalternates/builds/build/MontserratAlternates-Regular-TTF.ttf
$ fontbakery-fix-vertical-metrics.py /home/travis/build/fontdirectory/montserratalternates/builds/build/MontserratAlternates-Regular-backup-fonttools-prep-gasp-TTF.ttf /home/travis/build/fontdirectory/montserratalternates/builds/build/MontserratAlternates-Regular-after-fonttools-prep-gasp-TTF.ttf /home/travis/build/fontdirectory/montserratalternates/builds/build/MontserratAlternates-Bold-backup-fonttools-prep-gasp-TTF.ttf /home/travis/build/fontdirectory/montserratalternates/builds/build/MontserratAlternates-Bold-TTF.ttf /home/travis/build/fontdirectory/montserratalternates/builds/build/MontserratAlternates-Regular.ttf /home/travis/build/fontdirectory/montserratalternates/builds/build/MontserratAlternates-Bold.ttf /home/travis/build/fontdirectory/montserratalternates/builds/build/MontserratAlternates-Bold-after-fonttools-prep-gasp-TTF.ttf /home/travis/build/fontdirectory/montserratalternates/builds/build/MontserratAlternates-Regular-TTF.ttf
Parameter              MontserratAlternates-Regular-backup-fonttools-prep-gasp-TTF.ttf    MontserratAlternates-Regular-after-fonttools-prep-gasp-TTF.ttf    MontserratAlternates-Bold-backup-fonttools-prep-gasp-TTF.ttf    MontserratAlternates-Bold-TTF.ttf    MontserratAlternates-Regular.ttf    MontserratAlternates-Bold.ttf    MontserratAlternates-Bold-after-fonttools-prep-gasp-TTF.ttf    MontserratAlternates-Regular-TTF.ttf    
ymax                   932                                                                932                                                               948                                                             948                                  932                                 948                              948                                                            932                                     
hhea.ascent            948                                                                948                                                               948                                                             948                                  948                                 948                              948                                                            948                                     
OS/2.sTypoAscender     948                                                                948                                                               948                                                             948                                  948                                 948                              948                                                            948                                     
OS/2.usWinAscent       948                                                                948                                                               948                                                             948                                  948                                 948                              948                                                            948                                     
ymin                   -250                                                               -250                                                              -250                                                            -250                                 -250                                -250                             -250                                                           -250                                    
hhea.descent           -250                                                               -250                                                              -250                                                            -250                                 -250                                -250                             -250                                                           -250                                    
OS/2.sTypoDescender    -250                                                               -250                                                              -250                                                            -250                                 -250                                -250                             -250                                                           -250                                    
OS/2.usWinDescent      250                                                                250                                                               250                                                             250                                  250                                 250                              250                                                            250                                     
hhea.lineGap           0                                                                  0                                                                 0                                                               0                                    0                                   0                                0                                                              0                                       
OS/2.sTypoLineGap      0                                                                  0                                                                 0                                                               0                                    0                                   0                                0                                                              0                                       
hhea total             1198                                                               1198                                                              1198                                                            1198                                 1198                                1198                             1198                                                           1198                                    
typo total             1198                                                               1198                                                              1198                                                            1198                                 1198                                1198                             1198                                                           1198                                    
win total              1198                                                               1198                                                              1198                                                            1198                                 1198                                1198                             1198                                                           1198                                    
UPM:Heights            1000:1182                                                          1000:1182                                                         1000:1198                                                       1000:1198                            1000:1182                           1000:1198                        1000:1198                                                      1000:1182                               
UPM:Heights %          118 %                                                              118 %                                                             119 %                                                           119 %                                118 %                               119 %                            119 %                                                          118 %                                   


bakery_lint.tests.downstream.test_check_vertical_metrics.CheckVerticalAscentMetrics.test_metrics_ascents_equal_bbox(): OK
bakery_lint.tests.downstream.test_check_vertical_metrics.CheckVerticalDescentMetrics.test_metrics_descents_equal_bbox(): OK
bakery_lint.tests.downstream.test_check_upm_heights_less_120.TestCheckUPMHeightsLess120.test_check_upm_heigths_less_120(): OK
bakery_lint.tests.downstream.test_check_unused_glyph_data.CheckUnusedGlyphData.test_check_unused_glyph_data(): ERROR
bakery_lint.tests.downstream.test_check_unencoded_glyph.TestFontUnencodedGlyph.test_font_unencoded_glyphs(): FAIL
$ fontbakery-fix-glyph-private-encoding.py --autofix /home/travis/build/fontdirectory/montserratalternates/builds/build/MontserratAlternates-Regular-backup-fonttools-prep-gasp-TTF.ttf
$ mv /home/travis/build/fontdirectory/montserratalternates/builds/build/MontserratAlternates-Regular-backup-fonttools-prep-gasp-TTF.ttf.fix /home/travis/build/fontdirectory/montserratalternates/builds/build/MontserratAlternates-Regular-backup-fonttools-prep-gasp-TTF.ttf
bakery_lint.tests.downstream.test_check_unencoded_glyph.TestFontUnencodedGlyph.test_font_unencoded_glyphs(): FAIL
bakery_lint.tests.downstream.test_check_panose_identification.CheckPanoseIdentification.test_check_panose_identification(): OK
bakery_lint.tests.downstream.test_check_os2_width_class.CheckOS2WidthClass.test_check_os2_width_class(): OK
bakery_lint.tests.downstream.test_check_no_problematic_formats.CheckNoProblematicFormats.test_check_no_problematic_formats(): OK
bakery_lint.tests.downstream.test_check_nbsp_width_matches_sp_width.CheckNbspWidthMatchesSpWidth.test_check_nbsp_width_matches_sp_width(): FAIL
$ fontbakery-fix-nbsp.py /home/travis/build/fontdirectory/montserratalternates/builds/build/MontserratAlternates-Regular-backup-fonttools-prep-gasp-TTF.ttf
$ mv /home/travis/build/fontdirectory/montserratalternates/builds/build/MontserratAlternates-Regular-backup-fonttools-prep-gasp-TTF.ttf.fix /home/travis/build/fontdirectory/montserratalternates/builds/build/MontserratAlternates-Regular-backup-fonttools-prep-gasp-TTF.ttf
bakery_lint.tests.downstream.test_check_nbsp_width_matches_sp_width.CheckNbspWidthMatchesSpWidth.test_check_nbsp_width_matches_sp_width(): FAIL
bakery_lint.tests.downstream.test_check_names_same_across_platforms.CheckNamesSameAcrossPlatforms.test_check_names_same_across_platforms(): OK
bakery_lint.tests.downstream.test_check_name_table_recommendation.CheckStyleNameRecommendation.test_check_stylename_is_under_recommendations(): OK
bakery_lint.tests.downstream.test_check_name_table_recommendation.CheckOTFamilyNameRecommendation.test_check_opentype_familyname(): FAIL
$ fontbakery-fix-opentype-names.py /home/travis/build/fontdirectory/montserratalternates/builds/build/MontserratAlternates-Regular-backup-fonttools-prep-gasp-TTF.ttf
$ mv /home/travis/build/fontdirectory/montserratalternates/builds/build/MontserratAlternates-Regular-backup-fonttools-prep-gasp-TTF.ttf.fix /home/travis/build/fontdirectory/montserratalternates/builds/build/MontserratAlternates-Regular-backup-fonttools-prep-gasp-TTF.ttf
bakery_lint.tests.downstream.test_check_name_table_recommendation.CheckOTFamilyNameRecommendation.test_check_opentype_familyname(): OK
bakery_lint.tests.downstream.test_check_name_table_recommendation.CheckOTStyleNameRecommendation.test_check_opentype_stylename(): OK
bakery_lint.tests.downstream.test_check_name_table_recommendation.CheckOTFullNameRecommendation.test_check_opentype_fullname(): OK
bakery_lint.tests.downstream.test_check_magic_prep_code.CheckMagicPREPByteCode.test_prep_magic_code(): FAIL
bakery_lint.tests.downstream.test_check_license_included.CheckLicenseIncluded.test_license_included_in_font_names(): OK
bakery_lint.tests.downstream.test_check_italic_angle_agreement.CheckItalicAngleAgreement.test_check_italic_angle_agreement(): OK
bakery_lint.tests.downstream.test_check_hmtx_hhea_max_advance_width_agreement.CheckHmtxHheaMaxAdvanceWidthAgreement.test_check_hmtx_hhea_max_advance_width_agreement(): OK
bakery_lint.tests.downstream.test_check_glyph_existence.CheckGlyphExistence.test_euro(): OK
bakery_lint.tests.downstream.test_check_glyph_existence.CheckGlyphExistence.test_nbsp(): OK
bakery_lint.tests.downstream.test_check_glyph_existence.CheckGlyphExistence.test_space(): OK
bakery_lint.tests.downstream.test_check_glyf_table_length.CheckGlyfTableLength.test_check_glyf_table_length(): FAIL
bakery_lint.tests.downstream.test_check_full_font_name_begins_with_family_name.CheckFullFontNameBeginsWithFamilyName.test_check_full_font_name_begins_with_family_name(): FAIL
bakery_lint.tests.downstream.test_check_fontname_matches_macstyle.CheckFontNameEqualToMacStyleFlags.test_fontname_is_equal_to_macstyle(): OK
bakery_lint.tests.downstream.test_check_font_tables.CheckFontHasDsigTable.test_check_font_has_dsig_table(): OK
bakery_lint.tests.downstream.test_check_font_tables.CheckFontHasNotKernTable.test_no_kern_table_exists(): OK
bakery_lint.tests.downstream.test_check_font_agreements.CheckFsTypeIsNotSet.test_is_fstype_not_set(): OK
$ fontbakery-fix-fstype.py --autofix /home/travis/build/fontdirectory/montserratalternates/builds/build/MontserratAlternates-Regular-backup-fonttools-prep-gasp-TTF.ttf
$ mv /home/travis/build/fontdirectory/montserratalternates/builds/build/MontserratAlternates-Regular-backup-fonttools-prep-gasp-TTF.ttf.fix /home/travis/build/fontdirectory/montserratalternates/builds/build/MontserratAlternates-Regular-backup-fonttools-prep-gasp-TTF.ttf
bakery_lint.tests.downstream.test_check_font_agreements.CheckFontAgreements.test_em_is_1000(): OK
bakery_lint.tests.downstream.test_check_font_agreements.CheckFontAgreements.test_font_is_font(): OK
bakery_lint.tests.downstream.test_check_font_agreements.CheckFontAgreements.test_latin_file_exists(): FAIL
bakery_lint.tests.downstream.test_check_font_agreements.CheckFontAgreements.test_menu_file_exists(): FAIL
### Optimize TTF MontserratAlternates-Regular-backup-fonttools-prep-gasp-TTF.ttf
$ ls -l 'MontserratAlternates-Regular-backup-fonttools-prep-gasp-TTF.ttf'* # look at the size savings of that subset process
MontserratAlternates-Regular-backup-fonttools-prep-gasp-TTF.ttf.opt: 25248 bytes
MontserratAlternates-Regular-backup-fonttools-prep-gasp-TTF.ttf: 27396 bytes
$ mv /home/travis/build/fontdirectory/montserratalternates/builds/build/MontserratAlternates-Regular-backup-fonttools-prep-gasp-TTF.ttf.opt /home/travis/build/fontdirectory/montserratalternates/builds/build/MontserratAlternates-Regular-backup-fonttools-prep-gasp-TTF.ttf
### Autohint TTFs (ttfautohint) MontserratAlternates-Regular-backup-fonttools-prep-gasp-TTF.ttf
$ ttfautohint -l 7 -r 28 -G 50 -x 13 -w "G" /home/travis/build/fontdirectory/montserratalternates/builds/build/MontserratAlternates-Regular-backup-fonttools-prep-gasp-TTF.ttf '/home/travis/build/fontdirectory/montserratalternates/builds/build/MontserratAlternates-Regular-backup-fonttools-prep-gasp-TTF.autohint.ttf'

$ ls -l /home/travis/build/fontdirectory/montserratalternates/builds/build/MontserratAlternates-Regular-backup-fonttools-prep-gasp-TTF.*ttf # look at the size savings of that subset process
/home/travis/build/fontdirectory/montserratalternates/builds/build/MontserratAlternates-Regular-backup-fonttools-prep-gasp-TTF.ttf: 25248 bytes
/home/travis/build/fontdirectory/montserratalternates/builds/build/MontserratAlternates-Regular-backup-fonttools-prep-gasp-TTF.autohint.ttf: 43588 bytes
$ mv /home/travis/build/fontdirectory/montserratalternates/builds/build/MontserratAlternates-Regular-backup-fonttools-prep-gasp-TTF.autohint.ttf /home/travis/build/fontdirectory/montserratalternates/builds/build/MontserratAlternates-Regular-backup-fonttools-prep-gasp-TTF.ttf
### Subset TTFs (pyftsubset) MontserratAlternates-Regular-backup-fonttools-prep-gasp-TTF.ttf
$ pyftsubset MontserratAlternates-Regular-backup-fonttools-prep-gasp-TTF.latin
$ pyftsubset MontserratAlternates-Regular-backup-fonttools-prep-gasp-TTF.menu
strippedname:/home/travis/build/fontdirectory/montserratalternates/builds/build/MontserratAlternates-Regular-backup-fonttools-prep-gasp-TTF.ttf
No nbsp glyph
spaceWidth is    274
nbspWidth is     0
MontserratAlternates-Regular-backup-fonttools-prep-gasp-TTF.ttf.fix made with spaceWidth and nbspWidth of 274
### (5 of 6) Generate METADATA.json (fontbakery-build-metadata.py)
$ fontbakery-build-metadata.py /home/travis/build/fontdirectory/montserratalternates/builds/build
{} exists
Designer's name from font is: Julieta Ulanovsky
Original size: 43956\nGzip size: 24123
Family Name: Montserrat Alternates
PS Name: MontserratAlternates-Regular
Full Name: MontserratAlternates-Regular
Style: normal
Weight: 400
Filename: MontserratAlternates-Regular-backup-fonttools-prep-gasp-TTF.ttf
Copyright: Copyright (c) 2011-2012, Julieta Ulanovsky (julieta.ulanovsky@gmail.com), with Reserved Font Names 'Montserrat'
Family Name: Montserrat Alternates
PS Name: MontserratAlternates-Regular
Full Name: MontserratAlternates-Regular
Style: normal
Weight: 400
Filename: MontserratAlternates-Regular-TTF.ttf
Copyright: Copyright (c) 2011-2012, Julieta Ulanovsky (julieta.ulanovsky@gmail.com), with Reserved Font Names 'Montserrat'
Family Name: Montserrat Alternates
PS Name: MontserratAlternates-Bold
Full Name: MontserratAlternates-Bold
Style: normal
Weight: 700
Filename: MontserratAlternates-Bold-after-fonttools-prep-gasp-TTF.ttf
Copyright: Copyright (c) 2011-2012, Julieta Ulanovsky (julieta.ulanovsky@gmail.com), with Reserved Font Names 'Montserrat'
Family Name: Montserrat Alternates
PS Name: MontserratAlternates-Bold
Full Name: MontserratAlternates-Bold
Style: normal
Weight: 700
Filename: MontserratAlternates-Bold.ttf
Copyright: Copyright (c) 2011-2012, Julieta Ulanovsky (julieta.ulanovsky@gmail.com), with Reserved Font Names 'Montserrat'
Family Name: Montserrat Alternates
PS Name: MontserratAlternates-Regular
Full Name: MontserratAlternates-Regular
Style: normal
Weight: 400
Filename: MontserratAlternates-Regular.ttf
Copyright: Copyright (c) 2011-2012, Julieta Ulanovsky (julieta.ulanovsky@gmail.com), with Reserved Font Names 'Montserrat'
Family Name: Montserrat Alternates
PS Name: MontserratAlternates-Bold
Full Name: MontserratAlternates-Bold
Style: normal
Weight: 700
Filename: MontserratAlternates-Bold-TTF.ttf
Copyright: Copyright (c) 2011-2012, Julieta Ulanovsky (julieta.ulanovsky@gmail.com), with Reserved Font Names 'Montserrat'
Family Name: Montserrat Alternates
PS Name: MontserratAlternates-Bold
Full Name: MontserratAlternates-Bold
Style: normal
Weight: 700
Filename: MontserratAlternates-Bold-backup-fonttools-prep-gasp-TTF.ttf
Copyright: Copyright (c) 2011-2012, Julieta Ulanovsky (julieta.ulanovsky@gmail.com), with Reserved Font Names 'Montserrat'
Family Name: Montserrat Alternates
PS Name: MontserratAlternates-Regular
Full Name: MontserratAlternates-Regular
Style: normal
Weight: 400
Filename: MontserratAlternates-Regular-after-fonttools-prep-gasp-TTF.ttf
Copyright: Copyright (c) 2011-2012, Julieta Ulanovsky (julieta.ulanovsky@gmail.com), with Reserved Font Names 'Montserrat'
### (6 of 6) Run tests for METADATA.json
$ fontbakery-check.py metadata METADATA.json
bakery_lint.tests.metadata_test.MetadataSubsetsListTest.test_charset_latin(): OK
bakery_lint.tests.metadata_test.MetadataSubsetsListTest.test_charset_menu(): OK
bakery_lint.tests.metadata_test.MetadataTest.test_description_is_more_than_500b(): OK
bakery_lint.tests.metadata_test.MetadataTest.test_description_is_valid_html(): OK
bakery_lint.tests.metadata_test.MetadataTest.test_does_not_familyName_exist_in_daltonmaag_catalogue(): FAIL
bakery_lint.tests.metadata_test.MetadataTest.test_does_not_familyName_exist_in_fontbureau_catalogue(): OK
bakery_lint.tests.metadata_test.MetadataTest.test_does_not_familyName_exist_in_fontscom_catalogue(): OK
bakery_lint.tests.metadata_test.MetadataTest.test_does_not_familyName_exist_in_fontshop_catalogue(): FAIL
bakery_lint.tests.metadata_test.MetadataTest.test_does_not_familyName_exist_in_fontsmith_catalogue(): FAIL
bakery_lint.tests.metadata_test.MetadataTest.test_does_not_familyName_exist_in_houseind_catalogue(): OK
bakery_lint.tests.metadata_test.MetadataTest.test_does_not_familyName_exist_in_myfonts_catalogue(): FAIL
bakery_lint.tests.metadata_test.MetadataTest.test_does_not_familyName_exist_in_veer_catalogue(): OK
bakery_lint.tests.metadata_test.MetadataTest.test_family_is_listed_in_gwf(): FAIL
bakery_lint.tests.metadata_test.MetadataTest.test_metadata_atleast_latin_menu_subsets_exist(): OK
/home/travis/virtualenv/python2.7.8/lib/python2.7/site-packages/bakery_lint/tests/metadata_test.py:141: UnicodeWarning: Unicode equal comparison failed to convert both arguments to Unicode - interpreting them as being unequal
  self.assertTrue(designer in designers,
bakery_lint.tests.metadata_test.MetadataTest.test_metadata_designer_exists_in_profiles_csv(): FAIL
bakery_lint.tests.metadata_test.MetadataTest.test_metadata_fonts_items_dicts(): OK
bakery_lint.tests.metadata_test.MetadataTest.test_metadata_fonts_key_list(): OK
bakery_lint.tests.metadata_test.MetadataTest.test_metadata_fonts_no_dupes(): OK
bakery_lint.tests.metadata_test.MetadataTest.test_metadata_has_unique_style_weight_pairs(): OK
bakery_lint.tests.metadata_test.MetadataTest.test_metadata_keys(): OK
bakery_lint.tests.metadata_test.MetadataTest.test_metadata_license(): OK
bakery_lint.tests.metadata_test.MetadataTest.test_metadata_no_unknown_top_keys(): OK
bakery_lint.tests.metadata_test.MetadataTest.test_metadata_subsets_key_list(): OK
bakery_lint.tests.metadata_test.MetadataTest.test_metadata_top_keys_types(): OK
bakery_lint.tests.downstream.test_metadata_font_copyright.CheckMetadataContainsReservedFontName.test_copyright_contains_correct_rfn(): OK
bakery_lint.tests.downstream.test_metadata_font_copyright.CheckMetadataContainsReservedFontName.test_copyright_is_consistent_across_family(): OK
bakery_lint.tests.downstream.test_metadata_font_copyright.CheckMetadataContainsReservedFontName.test_copyright_matches_pattern(): OK
bakery_lint.tests.downstream.test_metadata_font_copyright.CheckMetadataContainsReservedFontName.test_metadata_copyright_size(): OK
bakery_lint.tests.downstream.test_metadata_agreements.TestFontOnDiskFamilyEqualToMetadataJSON.test_font_on_disk_family_equal_in_metadata_json(): OK
bakery_lint.tests.downstream.test_metadata_agreements.TestPostScriptNameInMetadataEqualFontOnDisk.test_postscriptname_in_metadata_equal_to_font_on_disk(): OK
bakery_lint.tests.downstream.test_metadata_agreements.CheckMetadataAgreements.test_font_name_matches_family(): OK
bakery_lint.tests.downstream.test_metadata_agreements.CheckMetadataAgreements.test_metadata_family_values_are_all_the_same(): OK
bakery_lint.tests.downstream.test_metadata_agreements.CheckMetadataAgreements.test_metadata_filename_matches_postscriptname(): OK
bakery_lint.tests.downstream.test_metadata_agreements.CheckMetadataAgreements.test_metadata_font_have_regular(): OK
bakery_lint.tests.downstream.test_metadata_agreements.CheckMetadataAgreements.test_metadata_fonts_fields_have_fontname(): FAIL
bakery_lint.tests.downstream.test_metadata_agreements.CheckMetadataAgreements.test_metadata_fullname_is_equal_to_internal_font_fullname(): OK
bakery_lint.tests.downstream.test_metadata_agreements.CheckMetadataAgreements.test_metadata_fullname_matches_postScriptName(): OK
bakery_lint.tests.downstream.test_metadata_agreements.CheckMetadataAgreements.test_metadata_regular_is_400(): OK
bakery_lint.tests.downstream.test_metadata_agreements.CheckMetadataAgreements.test_metadata_regular_is_normal(): OK
bakery_lint.tests.downstream.test_check_text_files_exist.CheckTextFilesExist.test_copyrighttxt_exists(): FAIL
bakery_lint.tests.downstream.test_check_text_files_exist.CheckTextFilesExist.test_description_exists(): OK
bakery_lint.tests.downstream.test_check_text_files_exist.CheckTextFilesExist.test_fontlogtxt_exists(): FAIL
bakery_lint.tests.downstream.test_check_text_files_exist.CheckTextFilesExist.test_licensetxt_exists(): FAIL
bakery_lint.tests.downstream.test_check_subsets_exists.CheckSubsetsExist.test_check_subsets_exists(): OK
bakery_lint.tests.downstream.test_check_monospace_agreements.CheckMonospaceAgreement.test_check_monospace_agreement(): OK
bakery_lint.tests.downstream.test_check_metadata_style_matches_names.CheckItalicStyleMatchesMacStyle.test_check_italic_style_matches_names(): OK
bakery_lint.tests.downstream.test_check_metadata_style_matches_names.CheckNormalStyleMatchesMacStyle.test_check_normal_style_matches_names(): OK
bakery_lint.tests.downstream.test_check_metadata_matches_nametable.CheckMetadataMatchesNameTable.test_check_metadata_matches_nametable(): OK
bakery_lint.tests.downstream.test_check_metadata_fields.CheckMetadataFields.test_check_metadata_fields(): OK
bakery_lint.tests.downstream.test_check_menu_contains_proper_glyphs.CheckMenuSubsetContainsProperGlyphs.test_check_menu_contains_proper_glyphs(): OK
bakery_lint.tests.downstream.test_check_glyph_consistency.CheckGlyphConsistencyInFamily.test_the_same_encodings_of_glyphs_across_family(): OK
bakery_lint.tests.downstream.test_check_glyph_consistency.CheckGlyphConsistencyInFamily.test_the_same_names_of_glyphs_across_family(): OK
bakery_lint.tests.downstream.test_check_glyph_consistency.CheckGlyphConsistencyInFamily.test_the_same_number_of_glyphs_across_family(): OK
bakery_lint.tests.downstream.test_check_font_name_not_in_camelcase.CheckFontNameNotInCamelCase.test_fontname_not_in_camel_case(): OK
bakery_lint.tests.downstream.test_check_files_menu_agreements.CheckFontsMenuAgreements.test_menu_file_agreement(): OK
bakery_lint.tests.downstream.test_check_familyname_matches_fontnames.CheckFamilyNameMatchesFontNames.test_check_familyname_matches_fontnames(): OK
bakery_lint.tests.downstream.test_check_canonical_weights.CheckCanonicalWeights.test_check_canonical_weights(): OK
bakery_lint.tests.downstream.test_check_canonical_weights.CheckPostScriptNameMatchesWeight.test_postscriptname_contains_correct_weight(): OK
bakery_lint.tests.downstream.test_check_canonical_weights.CheckFontWeightSameAsInMetadata.test_font_weight_same_as_in_metadata(): OK
bakery_lint.tests.downstream.test_check_canonical_weights.CheckFullNameEqualCanonicalName.test_metadata_contains_current_font(): OK
bakery_lint.tests.downstream.test_check_canonical_styles.CheckCanonicalStyles.test_check_canonical_styles(): OK
bakery_lint.tests.downstream.test_check_canonical_filenames.CheckCanonicalFilenames.test_check_canonical_filenames(): OK
{
  "name": "Montserrat Alternates", 
  "designer": "Julieta Ulanovsky", 
  "license": "OFL", 
  "visibility": "Sandbox", 
  "category": "Sans Serif", 
  "size": 15876, 
  "fonts": [
    {
      "name": "Montserrat Alternates", 
      "postScriptName": "MontserratAlternates-Regular", 
      "fullName": "MontserratAlternates-Regular", 
      "style": "normal", 
      "weight": 400, 
      "filename": "MontserratAlternates-Regular-backup-fonttools-prep-gasp-TTF.ttf", 
      "copyright": "Copyright (c) 2011-2012, Julieta Ulanovsky (julieta.ulanovsky@gmail.com), with Reserved Font Names 'Montserrat'"
    }, 
    {
      "name": "Montserrat Alternates", 
      "postScriptName": "MontserratAlternates-Regular", 
      "fullName": "MontserratAlternates-Regular", 
      "style": "normal", 
      "weight": 400, 
      "filename": "MontserratAlternates-Regular-TTF.ttf", 
      "copyright": "Copyright (c) 2011-2012, Julieta Ulanovsky (julieta.ulanovsky@gmail.com), with Reserved Font Names 'Montserrat'"
    }, 
    {
      "name": "Montserrat Alternates", 
      "postScriptName": "MontserratAlternates-Bold", 
      "fullName": "MontserratAlternates-Bold", 
      "style": "normal", 
      "weight": 700, 
      "filename": "MontserratAlternates-Bold-after-fonttools-prep-gasp-TTF.ttf", 
      "copyright": "Copyright (c) 2011-2012, Julieta Ulanovsky (julieta.ulanovsky@gmail.com), with Reserved Font Names 'Montserrat'"
    }, 
    {
      "name": "Montserrat Alternates", 
      "postScriptName": "MontserratAlternates-Bold", 
      "fullName": "MontserratAlternates-Bold", 
      "style": "normal", 
      "weight": 700, 
      "filename": "MontserratAlternates-Bold.ttf", 
      "copyright": "Copyright (c) 2011-2012, Julieta Ulanovsky (julieta.ulanovsky@gmail.com), with Reserved Font Names 'Montserrat'"
    }, 
    {
      "name": "Montserrat Alternates", 
      "postScriptName": "MontserratAlternates-Regular", 
      "fullName": "MontserratAlternates-Regular", 
      "style": "normal", 
      "weight": 400, 
      "filename": "MontserratAlternates-Regular.ttf", 
      "copyright": "Copyright (c) 2011-2012, Julieta Ulanovsky (julieta.ulanovsky@gmail.com), with Reserved Font Names 'Montserrat'"
    }, 
    {
      "name": "Montserrat Alternates", 
      "postScriptName": "MontserratAlternates-Bold", 
      "fullName": "MontserratAlternates-Bold", 
      "style": "normal", 
      "weight": 700, 
      "filename": "MontserratAlternates-Bold-TTF.ttf", 
      "copyright": "Copyright (c) 2011-2012, Julieta Ulanovsky (julieta.ulanovsky@gmail.com), with Reserved Font Names 'Montserrat'"
    }, 
    {
      "name": "Montserrat Alternates", 
      "postScriptName": "MontserratAlternates-Bold", 
      "fullName": "MontserratAlternates-Bold", 
      "style": "normal", 
      "weight": 700, 
      "filename": "MontserratAlternates-Bold-backup-fonttools-prep-gasp-TTF.ttf", 
      "copyright": "Copyright (c) 2011-2012, Julieta Ulanovsky (julieta.ulanovsky@gmail.com), with Reserved Font Names 'Montserrat'"
    }, 
    {
      "name": "Montserrat Alternates", 
      "postScriptName": "MontserratAlternates-Regular", 
      "fullName": "MontserratAlternates-Regular", 
      "style": "normal", 
      "weight": 400, 
      "filename": "MontserratAlternates-Regular-after-fonttools-prep-gasp-TTF.ttf", 
      "copyright": "Copyright (c) 2011-2012, Julieta Ulanovsky (julieta.ulanovsky@gmail.com), with Reserved Font Names 'Montserrat'"
    }
  ], 
  "subsets": [
    "latin", 
    "menu"
  ], 
  "dateAdded": "2012-10-01"
}
